#
# There is insufficient memory for the Java Runtime Environment to continue.
# Native memory allocation (mmap) failed to map 18874368 bytes. Error detail: G1 virtual space
# Possible reasons:
#   The system is out of physical RAM or swap space
#   This process is running with CompressedOops enabled, and the Java Heap may be blocking the growth of the native heap
# Possible solutions:
#   Reduce memory load on the system
#   Increase physical memory or swap space
#   Check if swap backing store is full
#   Decrease Java heap size (-Xmx/-Xms)
#   Decrease number of Java threads
#   Decrease Java thread stack sizes (-Xss)
#   Set larger code cache with -XX:ReservedCodeCacheSize=
#   JVM is running with Zero Based Compressed Oops mode in which the Java heap is
#     placed in the first 32GB address space. The Java Heap base address is the
#     maximum limit for the native heap growth. Please use -XX:HeapBaseMinAddress
#     to set the Java Heap base and to place the Java Heap above 32GB virtual address.
# This output file may be truncated or incomplete.
#
#  Out of Memory Error (os_windows.cpp:3714), pid=21248, tid=11140
#
# JRE version: OpenJDK Runtime Environment Temurin-21.0.10+7 (21.0.10+7) (build 21.0.10+7-LTS)
# Java VM: OpenJDK 64-Bit Server VM Temurin-21.0.10+7 (21.0.10+7-LTS, mixed mode, emulated-client, sharing, tiered, compressed oops, compressed class ptrs, g1 gc, windows-amd64)
# No core dump will be written. Minidumps are not enabled by default on client versions of Windows
#

---------------  S U M M A R Y ------------

Command Line: -XX:TieredStopAtLevel=1 -Dspring.output.ansi.enabled=always -Dcom.sun.management.jmxremote -Dspring.jmx.enabled=true -Dspring.liveBeansView.mbeanDomain -Dspring.application.admin.enabled=true -Dmanagement.endpoints.jmx.exposure.include=* -javaagent:C:\Program Files\JetBrains\IntelliJ IDEA 2024.2.3\lib\idea_rt.jar=63971:C:\Program Files\JetBrains\IntelliJ IDEA 2024.2.3\bin -Dfile.encoding=UTF-8 -Dsun.stdout.encoding=UTF-8 -Dsun.stderr.encoding=UTF-8 com.iws.fashionshop.FashionshopApplication

Host: 12th Gen Intel(R) Core(TM) i7-12700H, 20 cores, 15G,  Windows 11 , 64 bit Build 26100 (10.0.26100.8246)
Time: Sat Apr 25 23:34:59 2026 SE Asia Standard Time elapsed time: 77.777540 seconds (0d 0h 1m 17s)

---------------  T H R E A D  ---------------

Current thread (0x0000025c13c2ae50):  VMThread "VM Thread"          [id=11140, stack(0x0000008263200000,0x0000008263300000) (1024K)]

Stack: [0x0000008263200000,0x0000008263300000]
Native frames: (J=compiled Java code, j=interpreted, Vv=VM code, C=native code)
V  [jvm.dll+0x6d7a39]
V  [jvm.dll+0x8b4b26]
V  [jvm.dll+0x8b70de]
V  [jvm.dll+0x8b77c3]
V  [jvm.dll+0x284346]
V  [jvm.dll+0x6d4355]
V  [jvm.dll+0x6c808a]
V  [jvm.dll+0x35edb8]
V  [jvm.dll+0x3669f6]
V  [jvm.dll+0x3b7afe]
V  [jvm.dll+0x3b7da8]
V  [jvm.dll+0x332fbc]
V  [jvm.dll+0x333047]
V  [jvm.dll+0x376e1c]
V  [jvm.dll+0x3755be]
V  [jvm.dll+0x332701]
V  [jvm.dll+0x374fe8]
V  [jvm.dll+0x8bd4b0]
V  [jvm.dll+0x8be824]
V  [jvm.dll+0x8bed50]
V  [jvm.dll+0x8beff3]
V  [jvm.dll+0x85f59d]
V  [jvm.dll+0x6d626d]
C  [ucrtbase.dll+0x37b0]
C  [KERNEL32.DLL+0x2e8d7]
C  [ntdll.dll+0x8c3fc]

VM_Operation (0x0000008266dfe800): G1TryInitiateConcMark, mode: safepoint, requested by thread 0x0000025c5ee3eb00


---------------  P R O C E S S  ---------------

Threads class SMR info:
_java_thread_list=0x0000025c5e4cade0, length=42, elements={
0x0000025c13c461c0, 0x0000025c13c46c20, 0x0000025c13c49aa0, 0x0000025c13c4a760,
0x0000025c13c4b420, 0x0000025c13c57ac0, 0x0000025c13c6f600, 0x0000025c581c05b0,
0x0000025c58615340, 0x0000025c586159b0, 0x0000025c589f0aa0, 0x0000025c58a68d70,
0x0000025c58aa6960, 0x0000025c58aca400, 0x0000025c5e392040, 0x0000025c5e1d5650,
0x0000025c5e1d5cc0, 0x0000025c5e45f040, 0x0000025c5d0ccf90, 0x0000025c5e2bc1e0,
0x0000025c5e2bd590, 0x0000025c5e2bc870, 0x0000025c5e2bdc20, 0x0000025c5e2be940,
0x0000025c5e2be2b0, 0x0000025c5e2befd0, 0x0000025c5e2bf660, 0x0000025c5e2bcf00,
0x0000025c5ee3eb00, 0x0000025c5ee3f190, 0x0000025c5ee3f820, 0x0000025c5ee3feb0,
0x0000025c5ee3e470, 0x0000025c5ee3dde0, 0x0000025c5ee42610, 0x0000025c5ee41260,
0x0000025c5ee42ca0, 0x0000025c5ee439c0, 0x0000025c5ee418f0, 0x0000025c5ee43330,
0x0000025c5ee40540, 0x0000025c5ee44050
}
_to_delete_list=0x0000025c5e97b9a0, length=43, elements={
0x0000025c13c461c0, 0x0000025c13c46c20, 0x0000025c13c49aa0, 0x0000025c13c4a760,
0x0000025c13c4b420, 0x0000025c13c57ac0, 0x0000025c13c6f600, 0x0000025c581c05b0,
0x0000025c58615340, 0x0000025c586159b0, 0x0000025c589f0aa0, 0x0000025c58a68d70,
0x0000025c58aa6960, 0x0000025c58aca400, 0x0000025c5e392040, 0x0000025c5e1d5650,
0x0000025c5e1d5cc0, 0x0000025c5e45f040, 0x0000025c5d0ccf90, 0x0000025c5e2bc1e0,
0x0000025c5e2bd590, 0x0000025c5e2bc870, 0x0000025c5e2bdc20, 0x0000025c5e2be940,
0x0000025c5e2be2b0, 0x0000025c5e2befd0, 0x0000025c5e2bf660, 0x0000025c5e2bcf00,
0x0000025c5ee3eb00, 0x0000025c5ee3f190, 0x0000025c5ee3f820, 0x0000025c5ee3feb0,
0x0000025c5ee3e470, 0x0000025c5ee3dde0, 0x0000025c5ee42610, 0x0000025c5ee41260,
0x0000025c5ee42ca0, 0x0000025c5ee439c0, 0x0000025c5ee418f0, 0x0000025c5ee43330,
0x0000025c5ee40540, 0x0000025c5ee44050, 0x0000025c5888f920
}

Java Threads: ( => current thread )
  0x0000025c13c461c0 JavaThread "Reference Handler"          daemon [_thread_blocked, id=32680, stack(0x0000008263300000,0x0000008263400000) (1024K)]
  0x0000025c13c46c20 JavaThread "Finalizer"                  daemon [_thread_blocked, id=11120, stack(0x0000008263400000,0x0000008263500000) (1024K)]
  0x0000025c13c49aa0 JavaThread "Signal Dispatcher"          daemon [_thread_blocked, id=22032, stack(0x0000008263500000,0x0000008263600000) (1024K)]
  0x0000025c13c4a760 JavaThread "Attach Listener"            daemon [_thread_blocked, id=21112, stack(0x0000008263600000,0x0000008263700000) (1024K)]
  0x0000025c13c4b420 JavaThread "Service Thread"             daemon [_thread_blocked, id=4400, stack(0x0000008263700000,0x0000008263800000) (1024K)]
  0x0000025c13c57ac0 JavaThread "Monitor Deflation Thread"   daemon [_thread_blocked, id=4336, stack(0x0000008263800000,0x0000008263900000) (1024K)]
  0x0000025c13c6f600 JavaThread "C1 CompilerThread0"         daemon [_thread_blocked, id=19976, stack(0x0000008263900000,0x0000008263a00000) (1024K)]
  0x0000025c581c05b0 JavaThread "Common-Cleaner"             daemon [_thread_blocked, id=24860, stack(0x0000008263e00000,0x0000008263f00000) (1024K)]
  0x0000025c58615340 JavaThread "Monitor Ctrl-Break"         daemon [_thread_in_native, id=23800, stack(0x0000008264200000,0x0000008264300000) (1024K)]
  0x0000025c586159b0 JavaThread "Notification Thread"        daemon [_thread_blocked, id=16804, stack(0x0000008264300000,0x0000008264400000) (1024K)]
  0x0000025c589f0aa0 JavaThread "RMI TCP Accept-0"           daemon [_thread_in_native, id=31924, stack(0x0000008265000000,0x0000008265100000) (1024K)]
  0x0000025c58a68d70 JavaThread "RMI TCP Connection(idle)"   daemon [_thread_blocked, id=21260, stack(0x0000008265100000,0x0000008265200000) (1024K)]
  0x0000025c58aa6960 JavaThread "RMI Scheduler(0)"           daemon [_thread_blocked, id=19432, stack(0x0000008265200000,0x0000008265300000) (1024K)]
  0x0000025c58aca400 JavaThread "JMX server connection timeout 43" daemon [_thread_blocked, id=12440, stack(0x0000008265300000,0x0000008265400000) (1024K)]
  0x0000025c5e392040 JavaThread "Catalina-utility-1"                [_thread_blocked, id=22256, stack(0x0000008265900000,0x0000008265a00000) (1024K)]
  0x0000025c5e1d5650 JavaThread "Catalina-utility-2"                [_thread_blocked, id=29908, stack(0x0000008265e00000,0x0000008265f00000) (1024K)]
  0x0000025c5e1d5cc0 JavaThread "container-0"                       [_thread_blocked, id=32684, stack(0x0000008265f00000,0x0000008266000000) (1024K)]
  0x0000025c5e45f040 JavaThread "Jndi-Dns-address-change-listener" daemon [_thread_in_native, id=28840, stack(0x0000008266000000,0x0000008266100000) (1024K)]
  0x0000025c5d0ccf90 JavaThread "BufferPoolPruner-1-thread-1" daemon [_thread_blocked, id=19572, stack(0x0000008266100000,0x0000008266200000) (1024K)]
  0x0000025c5e2bc1e0 JavaThread "cluster-ClusterId{value='69ecece801f77687b22fe5be', description='null'}-ac-4e8no02-shard-00-00.zvldzkb.mongodb.net:27017" daemon [_thread_in_native, id=7140, stack(0x0000008266300000,0x0000008266400000) (1024K)]
  0x0000025c5e2bd590 JavaThread "cluster-ClusterId{value='69ecece801f77687b22fe5be', description='null'}-ac-4e8no02-shard-00-01.zvldzkb.mongodb.net:27017" daemon [_thread_in_native, id=32552, stack(0x0000008266400000,0x0000008266500000) (1024K)]
  0x0000025c5e2bc870 JavaThread "cluster-ClusterId{value='69ecece801f77687b22fe5be', description='null'}-ac-4e8no02-shard-00-02.zvldzkb.mongodb.net:27017" daemon [_thread_in_native, id=22564, stack(0x0000008266500000,0x0000008266600000) (1024K)]
  0x0000025c5e2bdc20 JavaThread "cluster-rtt-ClusterId{value='69ecece801f77687b22fe5be', description='null'}-ac-4e8no02-shard-00-01.zvldzkb.mongodb.net:27017" daemon [_thread_blocked, id=31220, stack(0x0000008266700000,0x0000008266800000) (1024K)]
  0x0000025c5e2be940 JavaThread "cluster-rtt-ClusterId{value='69ecece801f77687b22fe5be', description='null'}-ac-4e8no02-shard-00-00.zvldzkb.mongodb.net:27017" daemon [_thread_blocked, id=21312, stack(0x0000008266800000,0x0000008266900000) (1024K)]
  0x0000025c5e2be2b0 JavaThread "cluster-rtt-ClusterId{value='69ecece801f77687b22fe5be', description='null'}-ac-4e8no02-shard-00-02.zvldzkb.mongodb.net:27017" daemon [_thread_blocked, id=3440, stack(0x0000008266900000,0x0000008266a00000) (1024K)]
  0x0000025c5e2befd0 JavaThread "MaintenanceTimer-2-thread-1" daemon [_thread_blocked, id=18012, stack(0x0000008266a00000,0x0000008266b00000) (1024K)]
  0x0000025c5e2bf660 JavaThread "MaintenanceTimer-3-thread-1" daemon [_thread_blocked, id=19600, stack(0x0000008266b00000,0x0000008266c00000) (1024K)]
  0x0000025c5e2bcf00 JavaThread "MaintenanceTimer-4-thread-1" daemon [_thread_blocked, id=22332, stack(0x0000008266c00000,0x0000008266d00000) (1024K)]
  0x0000025c5ee3eb00 JavaThread "http-nio-8080-exec-1"       daemon [_thread_blocked, id=31908, stack(0x0000008266d00000,0x0000008266e00000) (1024K)]
  0x0000025c5ee3f190 JavaThread "http-nio-8080-exec-2"       daemon [_thread_blocked, id=33856, stack(0x0000008266e00000,0x0000008266f00000) (1024K)]
  0x0000025c5ee3f820 JavaThread "http-nio-8080-exec-3"       daemon [_thread_blocked, id=23372, stack(0x0000008266f00000,0x0000008267000000) (1024K)]
  0x0000025c5ee3feb0 JavaThread "http-nio-8080-exec-4"       daemon [_thread_blocked, id=32740, stack(0x0000008267000000,0x0000008267100000) (1024K)]
  0x0000025c5ee3e470 JavaThread "http-nio-8080-exec-5"       daemon [_thread_blocked, id=17836, stack(0x0000008267100000,0x0000008267200000) (1024K)]
  0x0000025c5ee3dde0 JavaThread "http-nio-8080-exec-6"       daemon [_thread_blocked, id=3228, stack(0x0000008267200000,0x0000008267300000) (1024K)]
  0x0000025c5ee42610 JavaThread "http-nio-8080-exec-7"       daemon [_thread_blocked, id=19760, stack(0x0000008267300000,0x0000008267400000) (1024K)]
  0x0000025c5ee41260 JavaThread "http-nio-8080-exec-8"       daemon [_thread_blocked, id=7308, stack(0x0000008267400000,0x0000008267500000) (1024K)]
  0x0000025c5ee42ca0 JavaThread "http-nio-8080-exec-9"       daemon [_thread_blocked, id=25856, stack(0x0000008267500000,0x0000008267600000) (1024K)]
  0x0000025c5ee439c0 JavaThread "http-nio-8080-exec-10"      daemon [_thread_blocked, id=32704, stack(0x0000008267600000,0x0000008267700000) (1024K)]
  0x0000025c5ee418f0 JavaThread "http-nio-8080-Poller"       daemon [_thread_blocked, id=17580, stack(0x0000008267700000,0x0000008267800000) (1024K)]
  0x0000025c5ee43330 JavaThread "http-nio-8080-Acceptor"     daemon [_thread_in_native, id=17924, stack(0x0000008267800000,0x0000008267900000) (1024K)]
  0x0000025c5ee40540 JavaThread "DestroyJavaVM"                     [_thread_blocked, id=33044, stack(0x0000008262b00000,0x0000008262c00000) (1024K)]
  0x0000025c5ee44050 JavaThread "RMI TCP Connection(2)-192.168.56.1" daemon [_thread_blocked, id=16520, stack(0x0000008267900000,0x0000008267a00000) (1024K)]
Total: 42

Other Threads:
=>0x0000025c13c2ae50 VMThread "VM Thread"                           [id=11140, stack(0x0000008263200000,0x0000008263300000) (1024K)]
  0x0000025c13c18e00 WatcherThread "VM Periodic Task Thread"        [id=32796, stack(0x0000008263100000,0x0000008263200000) (1024K)]
  0x0000025c02b66780 WorkerThread "GC Thread#0"                     [id=23152, stack(0x0000008262c00000,0x0000008262d00000) (1024K)]
  0x0000025c588b0d20 WorkerThread "GC Thread#1"                     [id=19232, stack(0x0000008264700000,0x0000008264800000) (1024K)]
  0x0000025c588b10d0 WorkerThread "GC Thread#2"                     [id=24072, stack(0x0000008264800000,0x0000008264900000) (1024K)]
  0x0000025c588b1480 WorkerThread "GC Thread#3"                     [id=15252, stack(0x0000008264900000,0x0000008264a00000) (1024K)]
  0x0000025c588b1830 WorkerThread "GC Thread#4"                     [id=22072, stack(0x0000008264a00000,0x0000008264b00000) (1024K)]
  0x0000025c588b1be0 WorkerThread "GC Thread#5"                     [id=19048, stack(0x0000008264b00000,0x0000008264c00000) (1024K)]
  0x0000025c588e4410 WorkerThread "GC Thread#6"                     [id=21832, stack(0x0000008264c00000,0x0000008264d00000) (1024K)]
  0x0000025c58aa2370 WorkerThread "GC Thread#7"                     [id=15580, stack(0x0000008265400000,0x0000008265500000) (1024K)]
  0x0000025c5d227570 WorkerThread "GC Thread#8"                     [id=5036, stack(0x0000008265500000,0x0000008265600000) (1024K)]
  0x0000025c5d228080 WorkerThread "GC Thread#9"                     [id=33544, stack(0x0000008265600000,0x0000008265700000) (1024K)]
  0x0000025c5d228430 WorkerThread "GC Thread#10"                    [id=23068, stack(0x0000008265700000,0x0000008265800000) (1024K)]
  0x0000025c5d2292f0 WorkerThread "GC Thread#11"                    [id=25944, stack(0x0000008265800000,0x0000008265900000) (1024K)]
  0x0000025c5d228b90 WorkerThread "GC Thread#12"                    [id=14656, stack(0x0000008265a00000,0x0000008265b00000) (1024K)]
  0x0000025c5d228f40 WorkerThread "GC Thread#13"                    [id=2312, stack(0x0000008265b00000,0x0000008265c00000) (1024K)]
  0x0000025c5d2296a0 WorkerThread "GC Thread#14"                    [id=8480, stack(0x0000008265c00000,0x0000008265d00000) (1024K)]
  0x0000025c02b744a0 ConcurrentGCThread "G1 Main Marker"            [id=12556, stack(0x0000008262d00000,0x0000008262e00000) (1024K)]
  0x0000025c13ad2010 WorkerThread "G1 Conc#0"                       [id=14708, stack(0x0000008262e00000,0x0000008262f00000) (1024K)]
  0x0000025c58658c10 WorkerThread "G1 Conc#1"                       [id=15364, stack(0x0000008264d00000,0x0000008264e00000) (1024K)]
  0x0000025c588d28a0 WorkerThread "G1 Conc#2"                       [id=33328, stack(0x0000008264e00000,0x0000008264f00000) (1024K)]
  0x0000025c588d34d0 WorkerThread "G1 Conc#3"                       [id=32456, stack(0x0000008264f00000,0x0000008265000000) (1024K)]
  0x0000025c13b70220 ConcurrentGCThread "G1 Refine#0"               [id=13612, stack(0x0000008262f00000,0x0000008263000000) (1024K)]
  0x0000025c13b71b60 ConcurrentGCThread "G1 Service"                [id=7244, stack(0x0000008263000000,0x0000008263100000) (1024K)]
Total: 24

Threads with active compile tasks:
Total: 0

VM state: at safepoint (normal execution)

VM Mutex/Monitor currently owned by a thread:  ([mutex/lock_event])
[0x00007ffbb436e560] Threads_lock - owner thread: 0x0000025c13c2ae50
[0x00007ffbb436e660] Heap_lock - owner thread: 0x0000025c5ee3eb00

Heap address: 0x0000000703200000, size: 4046 MB, Compressed Oops mode: Zero based, Oop shift amount: 3

CDS archive(s) mapped at: [0x0000025c17000000-0x0000025c17c80000-0x0000025c17c80000), size 13107200, SharedBaseAddress: 0x0000025c17000000, ArchiveRelocationMode: 1.
Compressed class space mapped at: 0x0000025c18000000-0x0000025c58000000, reserved size: 1073741824
Narrow klass base: 0x0000025c17000000, Narrow klass shift: 0, Narrow klass range: 0x100000000

GC Precious Log:
 CardTable entry size: 512
 Card Set container configuration: InlinePtr #cards 4 size 8 Array Of Cards #cards 16 size 48 Howl #buckets 8 coarsen threshold 3686 Howl Bitmap #cards 512 size 80 coarsen threshold 460 Card regions per heap region 1 cards per card region 4096
 CPUs: 20 total, 20 available
 Memory: 16176M
 Large Page Support: Disabled
 NUMA Support: Disabled
 Compressed Oops: Enabled (Zero based)
 Heap Region Size: 2M
 Heap Min Capacity: 8M
 Heap Initial Capacity: 254M
 Heap Max Capacity: 4046M
 Pre-touch: Disabled
 Parallel Workers: 15
 Concurrent Workers: 4
 Concurrent Refinement Workers: 15
 Periodic GC: Disabled

Heap:
 garbage-first heap   total 86016K, used 29961K [0x0000000703200000, 0x0000000800000000)
  region size 2048K, 3 young (6144K), 3 survivors (6144K)
 Metaspace       used 53332K, committed 54144K, reserved 1114112K
  class space    used 7618K, committed 8000K, reserved 1048576K

Heap Regions: E=young(eden), S=young(survivor), O=old, HS=humongous(starts), HC=humongous(continues), CS=collection set, F=free, TAMS=top-at-mark-start, PB=parsable bottom
|   0|0x0000000703200000, 0x0000000703400000, 0x0000000703400000|100%| O|  |TAMS 0x0000000703400000| PB 0x0000000703200000| Untracked 
|   1|0x0000000703400000, 0x0000000703600000, 0x0000000703600000|100%| O|  |TAMS 0x0000000703600000| PB 0x0000000703400000| Untracked 
|   2|0x0000000703600000, 0x0000000703800000, 0x0000000703800000|100%| O|  |TAMS 0x0000000703800000| PB 0x0000000703600000| Untracked 
|   3|0x0000000703800000, 0x0000000703a00000, 0x0000000703a00000|100%| O|  |TAMS 0x0000000703a00000| PB 0x0000000703800000| Untracked 
|   4|0x0000000703a00000, 0x0000000703c00000, 0x0000000703c00000|100%| O|  |TAMS 0x0000000703c00000| PB 0x0000000703a00000| Untracked 
|   5|0x0000000703c00000, 0x0000000703c00000, 0x0000000703e00000|  0%| F|  |TAMS 0x0000000703c00000| PB 0x0000000703c00000| Untracked 
|   6|0x0000000703e00000, 0x0000000704000000, 0x0000000704000000|100%| O|  |TAMS 0x0000000704000000| PB 0x0000000703e00000| Untracked 
|   7|0x0000000704000000, 0x0000000704200000, 0x0000000704200000|100%| O|  |TAMS 0x0000000704200000| PB 0x0000000704000000| Untracked 
|   8|0x0000000704200000, 0x0000000704400000, 0x0000000704400000|100%| O|  |TAMS 0x0000000704400000| PB 0x0000000704200000| Untracked 
|   9|0x0000000704400000, 0x0000000704600000, 0x0000000704600000|100%| O|  |TAMS 0x0000000704600000| PB 0x0000000704400000| Untracked 
|  10|0x0000000704600000, 0x000000070465fbd0, 0x0000000704800000| 18%| O|  |TAMS 0x000000070465fbd0| PB 0x0000000704600000| Untracked 
|  11|0x0000000704800000, 0x0000000704800000, 0x0000000704a00000|  0%| F|  |TAMS 0x0000000704800000| PB 0x0000000704800000| Untracked 
|  12|0x0000000704a00000, 0x0000000704a00000, 0x0000000704c00000|  0%| F|  |TAMS 0x0000000704a00000| PB 0x0000000704a00000| Untracked 
|  13|0x0000000704c00000, 0x0000000704c00000, 0x0000000704e00000|  0%| F|  |TAMS 0x0000000704c00000| PB 0x0000000704c00000| Untracked 
|  14|0x0000000704e00000, 0x0000000704e00000, 0x0000000705000000|  0%| F|  |TAMS 0x0000000704e00000| PB 0x0000000704e00000| Untracked 
|  15|0x0000000705000000, 0x0000000705000000, 0x0000000705200000|  0%| F|  |TAMS 0x0000000705000000| PB 0x0000000705000000| Untracked 
|  16|0x0000000705200000, 0x0000000705200000, 0x0000000705400000|  0%| F|  |TAMS 0x0000000705200000| PB 0x0000000705200000| Untracked 
|  17|0x0000000705400000, 0x0000000705400000, 0x0000000705600000|  0%| F|  |TAMS 0x0000000705400000| PB 0x0000000705400000| Untracked 
|  18|0x0000000705600000, 0x0000000705600000, 0x0000000705800000|  0%| F|  |TAMS 0x0000000705600000| PB 0x0000000705600000| Untracked 
|  19|0x0000000705800000, 0x0000000705800000, 0x0000000705a00000|  0%| F|  |TAMS 0x0000000705800000| PB 0x0000000705800000| Untracked 
|  20|0x0000000705a00000, 0x0000000705ae2908, 0x0000000705c00000| 44%| S|CS|TAMS 0x0000000705a00000| PB 0x0000000705a00000| Complete 
|  21|0x0000000705c00000, 0x0000000705e00000, 0x0000000705e00000|100%| S|CS|TAMS 0x0000000705c00000| PB 0x0000000705c00000| Complete 
|  22|0x0000000705e00000, 0x0000000706000000, 0x0000000706000000|100%| S|CS|TAMS 0x0000000705e00000| PB 0x0000000705e00000| Complete 
|  23|0x0000000706000000, 0x0000000706000000, 0x0000000706200000|  0%| F|  |TAMS 0x0000000706000000| PB 0x0000000706000000| Untracked 
|  24|0x0000000706200000, 0x0000000706200000, 0x0000000706400000|  0%| F|  |TAMS 0x0000000706200000| PB 0x0000000706200000| Untracked 
|  25|0x0000000706400000, 0x0000000706400000, 0x0000000706600000|  0%| F|  |TAMS 0x0000000706400000| PB 0x0000000706400000| Untracked 
|  26|0x0000000706600000, 0x0000000706600000, 0x0000000706800000|  0%| F|  |TAMS 0x0000000706600000| PB 0x0000000706600000| Untracked 
|  27|0x0000000706800000, 0x0000000706800000, 0x0000000706a00000|  0%| F|  |TAMS 0x0000000706800000| PB 0x0000000706800000| Untracked 
|  28|0x0000000706a00000, 0x0000000706a00000, 0x0000000706c00000|  0%| F|  |TAMS 0x0000000706a00000| PB 0x0000000706a00000| Untracked 
|  29|0x0000000706c00000, 0x0000000706c00000, 0x0000000706e00000|  0%| F|  |TAMS 0x0000000706c00000| PB 0x0000000706c00000| Untracked 
|  30|0x0000000706e00000, 0x0000000706e00000, 0x0000000707000000|  0%| F|  |TAMS 0x0000000706e00000| PB 0x0000000706e00000| Untracked 
|  31|0x0000000707000000, 0x0000000707000000, 0x0000000707200000|  0%| F|  |TAMS 0x0000000707000000| PB 0x0000000707000000| Untracked 
|  32|0x0000000707200000, 0x0000000707200000, 0x0000000707400000|  0%| F|  |TAMS 0x0000000707200000| PB 0x0000000707200000| Untracked 
|  33|0x0000000707400000, 0x0000000707400000, 0x0000000707600000|  0%| F|  |TAMS 0x0000000707400000| PB 0x0000000707400000| Untracked 
|  34|0x0000000707600000, 0x0000000707600000, 0x0000000707800000|  0%| F|  |TAMS 0x0000000707600000| PB 0x0000000707600000| Untracked 
|  66|0x000000070b600000, 0x000000070b600000, 0x000000070b800000|  0%| F|  |TAMS 0x000000070b600000| PB 0x000000070b600000| Untracked 
|  67|0x000000070b800000, 0x000000070b800000, 0x000000070ba00000|  0%| F|  |TAMS 0x000000070b800000| PB 0x000000070b800000| Untracked 
|  68|0x000000070ba00000, 0x000000070ba00000, 0x000000070bc00000|  0%| F|  |TAMS 0x000000070ba00000| PB 0x000000070ba00000| Untracked 
| 126|0x0000000712e00000, 0x0000000712e00000, 0x0000000713000000|  0%| F|  |TAMS 0x0000000712e00000| PB 0x0000000712e00000| Untracked 
|2020|0x00000007ffa00000, 0x00000007ffc00000, 0x00000007ffc00000|100%| O|  |TAMS 0x00000007ffc00000| PB 0x00000007ffa00000| Untracked 
|2021|0x00000007ffc00000, 0x00000007ffe00000, 0x00000007ffe00000|100%| O|  |TAMS 0x00000007ffe00000| PB 0x00000007ffc00000| Untracked 
|2022|0x00000007ffe00000, 0x0000000800000000, 0x0000000800000000|100%| O|  |TAMS 0x0000000800000000| PB 0x00000007ffe00000| Untracked 

Card table byte_map: [0x0000025c0f250000,0x0000025c0fa40000] _byte_map_base: 0x0000025c0ba37000

Marking Bits: (CMBitMap*) 0x0000025c02b66da0
 Bits: [0x0000025c0fa40000, 0x0000025c13978000)

Polling page: 0x0000025c007e0000

Metaspace:

Usage:
  Non-class:     44.64 MB used.
      Class:      7.44 MB used.
       Both:     52.08 MB used.

Virtual space:
  Non-class space:       64.00 MB reserved,      45.06 MB ( 70%) committed,  1 nodes.
      Class space:        1.00 GB reserved,       7.81 MB ( <1%) committed,  1 nodes.
             Both:        1.06 GB reserved,      52.88 MB (  5%) committed. 

Chunk freelists:
   Non-Class:  2.44 MB
       Class:  8.03 MB
        Both:  10.47 MB

MaxMetaspaceSize: unlimited
CompressedClassSpaceSize: 1.00 GB
Initial GC threshold: 21.00 MB
Current GC threshold: 58.88 MB
CDS: on
 - commit_granule_bytes: 65536.
 - commit_granule_words: 8192.
 - virtual_space_node_default_size: 8388608.
 - enlarge_chunks_in_place: 1.
 - use_allocation_guard: 0.


Internal statistics:

num_allocs_failed_limit: 6.
num_arena_births: 1142.
num_arena_deaths: 6.
num_vsnodes_births: 2.
num_vsnodes_deaths: 0.
num_space_committed: 846.
num_space_uncommitted: 0.
num_chunks_returned_to_freelist: 15.
num_chunks_taken_from_freelist: 3006.
num_chunk_merges: 3.
num_chunk_splits: 2006.
num_chunks_enlarged: 1405.
num_inconsistent_stats: 0.

CodeCache: size=49152Kb used=11825Kb max_used=17328Kb free=37326Kb
 bounds [0x0000025c0b1d0000, 0x0000025c0c2c0000, 0x0000025c0e1d0000]
 total_blobs=7218, nmethods=6570, adapters=572, full_count=0
Compilation: enabled, stopped_count=0, restarted_count=0

Compilation events (20 events):
Event: 73.640 Thread 0x0000025c5888f920 6596       1       javax.management.ObjectName::getInstance (22 bytes)
Event: 73.640 Thread 0x0000025c5888f920 nmethod 6596 0x0000025c0b372b90 code [0x0000025c0b372d80, 0x0000025c0b373028]
Event: 73.689 Thread 0x0000025c5888f920 6597       1       java.lang.Long::equals (30 bytes)
Event: 73.689 Thread 0x0000025c13c6f600 6598       1       javax.management.ObjectName::getCanonicalKeyPropertyListString (45 bytes)
Event: 73.689 Thread 0x0000025c5888f920 nmethod 6597 0x0000025c0b372790 code [0x0000025c0b372940, 0x0000025c0b372ae0]
Event: 73.689 Thread 0x0000025c13c6f600 nmethod 6598 0x0000025c0b372310 code [0x0000025c0b3724c0, 0x0000025c0b372650]
Event: 74.068 Thread 0x0000025c13c6f600 6599   !   1       javax.crypto.Cipher::chooseFirstProvider (302 bytes)
Event: 74.068 Thread 0x0000025c5888f920 6600       1       com.sun.crypto.provider.GaloisCounterMode::checkInit (67 bytes)
Event: 74.068 Thread 0x0000025c5888f920 nmethod 6600 0x0000025c0b371b90 code [0x0000025c0b371d80, 0x0000025c0b3721c8]
Event: 74.069 Thread 0x0000025c13c6f600 nmethod 6599 0x0000025c0b370890 code [0x0000025c0b370b40, 0x0000025c0b3714e0]
Event: 74.091 Thread 0x0000025c13c6f600 6601   !   1       java.net.Socket::getImpl (115 bytes)
Event: 74.091 Thread 0x0000025c5888f920 6602       1       com.mongodb.internal.connection.OpCode::getValue (5 bytes)
Event: 74.091 Thread 0x0000025c5888f920 nmethod 6602 0x0000025c0b370590 code [0x0000025c0b370720, 0x0000025c0b3707e8]
Event: 74.092 Thread 0x0000025c13c6f600 nmethod 6601 0x0000025c0b36f510 code [0x0000025c0b36f780, 0x0000025c0b36ff70]
Event: 74.127 Thread 0x0000025c13c6f600 6603       1       com.mongodb.internal.connection.PowerOfTwoBufferPool$IdleTrackingByteBuffer::getBuffer (5 bytes)
Event: 74.127 Thread 0x0000025c13c6f600 nmethod 6603 0x0000025c0b36f210 code [0x0000025c0b36f3a0, 0x0000025c0b36f470]
Event: 74.974 Thread 0x0000025c13c6f600 6604       1       java.util.concurrent.locks.AbstractQueuedSynchronizer$Node::<init> (5 bytes)
Event: 74.974 Thread 0x0000025c13c6f600 nmethod 6604 0x0000025c0b36ef10 code [0x0000025c0b36f0a0, 0x0000025c0b36f168]
Event: 75.741 Thread 0x0000025c13c6f600 6606       1       java.lang.NamedPackage::packageName (5 bytes)
Event: 75.742 Thread 0x0000025c13c6f600 nmethod 6606 0x0000025c0b36dc10 code [0x0000025c0b36dda0, 0x0000025c0b36de70]

GC Heap History (20 events):
Event: 1.168 GC heap after
{Heap after GC invocations=5 (full 0):
 garbage-first heap   total 36864K, used 9851K [0x0000000703200000, 0x0000000800000000)
  region size 2048K, 1 young (2048K), 1 survivors (2048K)
 Metaspace       used 13561K, committed 14016K, reserved 1114112K
  class space    used 1881K, committed 2112K, reserved 1048576K
}
Event: 1.268 GC heap before
{Heap before GC invocations=5 (full 0):
 garbage-first heap   total 36864K, used 20091K [0x0000000703200000, 0x0000000800000000)
  region size 2048K, 7 young (14336K), 1 survivors (2048K)
 Metaspace       used 15883K, committed 16384K, reserved 1114112K
  class space    used 2293K, committed 2496K, reserved 1048576K
}
Event: 1.271 GC heap after
{Heap after GC invocations=6 (full 0):
 garbage-first heap   total 36864K, used 10687K [0x0000000703200000, 0x0000000800000000)
  region size 2048K, 1 young (2048K), 1 survivors (2048K)
 Metaspace       used 15883K, committed 16384K, reserved 1114112K
  class space    used 2293K, committed 2496K, reserved 1048576K
}
Event: 1.399 GC heap before
{Heap before GC invocations=6 (full 0):
 garbage-first heap   total 36864K, used 22975K [0x0000000703200000, 0x0000000800000000)
  region size 2048K, 8 young (16384K), 1 survivors (2048K)
 Metaspace       used 18946K, committed 19392K, reserved 1114112K
  class space    used 2644K, committed 2816K, reserved 1048576K
}
Event: 1.402 GC heap after
{Heap after GC invocations=7 (full 0):
 garbage-first heap   total 149504K, used 11516K [0x0000000703200000, 0x0000000800000000)
  region size 2048K, 1 young (2048K), 1 survivors (2048K)
 Metaspace       used 18946K, committed 19392K, reserved 1114112K
  class space    used 2644K, committed 2816K, reserved 1048576K
}
Event: 1.501 GC heap before
{Heap before GC invocations=7 (full 0):
 garbage-first heap   total 149504K, used 21756K [0x0000000703200000, 0x0000000800000000)
  region size 2048K, 8 young (16384K), 1 survivors (2048K)
 Metaspace       used 21082K, committed 21504K, reserved 1114112K
  class space    used 2863K, committed 3072K, reserved 1048576K
}
Event: 1.503 GC heap after
{Heap after GC invocations=8 (full 0):
 garbage-first heap   total 149504K, used 13185K [0x0000000703200000, 0x0000000800000000)
  region size 2048K, 2 young (4096K), 2 survivors (4096K)
 Metaspace       used 21082K, committed 21504K, reserved 1114112K
  class space    used 2863K, committed 3072K, reserved 1048576K
}
Event: 1.809 GC heap before
{Heap before GC invocations=9 (full 0):
 garbage-first heap   total 49152K, used 48001K [0x0000000703200000, 0x0000000800000000)
  region size 2048K, 19 young (38912K), 2 survivors (4096K)
 Metaspace       used 25179K, committed 25664K, reserved 1114112K
  class space    used 3499K, committed 3712K, reserved 1048576K
}
Event: 1.812 GC heap after
{Heap after GC invocations=10 (full 0):
 garbage-first heap   total 55296K, used 15581K [0x0000000703200000, 0x0000000800000000)
  region size 2048K, 3 young (6144K), 3 survivors (6144K)
 Metaspace       used 25179K, committed 25664K, reserved 1114112K
  class space    used 3499K, committed 3712K, reserved 1048576K
}
Event: 2.153 GC heap before
{Heap before GC invocations=10 (full 0):
 garbage-first heap   total 55296K, used 42205K [0x0000000703200000, 0x0000000800000000)
  region size 2048K, 16 young (32768K), 3 survivors (6144K)
 Metaspace       used 29312K, committed 29824K, reserved 1114112K
  class space    used 4158K, committed 4416K, reserved 1048576K
}
Event: 2.158 GC heap after
{Heap after GC invocations=11 (full 0):
 garbage-first heap   total 55296K, used 17142K [0x0000000703200000, 0x0000000800000000)
  region size 2048K, 1 young (2048K), 1 survivors (2048K)
 Metaspace       used 29312K, committed 29824K, reserved 1114112K
  class space    used 4158K, committed 4416K, reserved 1048576K
}
Event: 2.488 GC heap before
{Heap before GC invocations=11 (full 0):
 garbage-first heap   total 55296K, used 43766K [0x0000000703200000, 0x0000000800000000)
  region size 2048K, 14 young (28672K), 1 survivors (2048K)
 Metaspace       used 33949K, committed 34560K, reserved 1114112K
  class space    used 4831K, committed 5120K, reserved 1048576K
}
Event: 2.493 GC heap after
{Heap after GC invocations=12 (full 0):
 garbage-first heap   total 157696K, used 19324K [0x0000000703200000, 0x0000000800000000)
  region size 2048K, 2 young (4096K), 2 survivors (4096K)
 Metaspace       used 33949K, committed 34560K, reserved 1114112K
  class space    used 4831K, committed 5120K, reserved 1048576K
}
Event: 2.626 GC heap before
{Heap before GC invocations=12 (full 0):
 garbage-first heap   total 157696K, used 27516K [0x0000000703200000, 0x0000000800000000)
  region size 2048K, 7 young (14336K), 2 survivors (4096K)
 Metaspace       used 35493K, committed 36096K, reserved 1114112K
  class space    used 5049K, committed 5312K, reserved 1048576K
}
Event: 2.634 GC heap after
{Heap after GC invocations=13 (full 0):
 garbage-first heap   total 157696K, used 20472K [0x0000000703200000, 0x0000000800000000)
  region size 2048K, 3 young (6144K), 3 survivors (6144K)
 Metaspace       used 35493K, committed 36096K, reserved 1114112K
  class space    used 5049K, committed 5312K, reserved 1048576K
}
Event: 3.175 GC heap before
{Heap before GC invocations=14 (full 0):
 garbage-first heap   total 75776K, used 71672K [0x0000000703200000, 0x0000000800000000)
  region size 2048K, 29 young (59392K), 3 survivors (6144K)
 Metaspace       used 44894K, committed 45568K, reserved 1114112K
  class space    used 6367K, committed 6656K, reserved 1048576K
}
Event: 3.182 GC heap after
{Heap after GC invocations=15 (full 0):
 garbage-first heap   total 86016K, used 25468K [0x0000000703200000, 0x0000000800000000)
  region size 2048K, 5 young (10240K), 5 survivors (10240K)
 Metaspace       used 44894K, committed 45568K, reserved 1114112K
  class space    used 6367K, committed 6656K, reserved 1048576K
}
Event: 3.514 GC heap before
{Heap before GC invocations=15 (full 0):
 garbage-first heap   total 86016K, used 64380K [0x0000000703200000, 0x0000000800000000)
  region size 2048K, 25 young (51200K), 5 survivors (10240K)
 Metaspace       used 49593K, committed 50304K, reserved 1114112K
  class space    used 7043K, committed 7360K, reserved 1048576K
}
Event: 3.523 GC heap after
{Heap after GC invocations=16 (full 0):
 garbage-first heap   total 86016K, used 28268K [0x0000000703200000, 0x0000000800000000)
  region size 2048K, 2 young (4096K), 2 survivors (4096K)
 Metaspace       used 49593K, committed 50304K, reserved 1114112K
  class space    used 7043K, committed 7360K, reserved 1048576K
}
Event: 75.762 GC heap before
{Heap before GC invocations=16 (full 0):
 garbage-first heap   total 86016K, used 58988K [0x0000000703200000, 0x0000000800000000)
  region size 2048K, 18 young (36864K), 2 survivors (4096K)
 Metaspace       used 53332K, committed 54144K, reserved 1114112K
  class space    used 7618K, committed 8000K, reserved 1048576K
}

Dll operation events (12 events):
Event: 0.011 Loaded shared library C:\Users\ADMIN\.jdks\temurin-21.0.10\bin\java.dll
Event: 0.084 Loaded shared library C:\Users\ADMIN\.jdks\temurin-21.0.10\bin\zip.dll
Event: 0.087 Loaded shared library C:\Users\ADMIN\.jdks\temurin-21.0.10\bin\instrument.dll
Event: 0.091 Loaded shared library C:\Users\ADMIN\.jdks\temurin-21.0.10\bin\net.dll
Event: 0.093 Loaded shared library C:\Users\ADMIN\.jdks\temurin-21.0.10\bin\nio.dll
Event: 0.095 Loaded shared library C:\Users\ADMIN\.jdks\temurin-21.0.10\bin\zip.dll
Event: 0.166 Loaded shared library C:\Users\ADMIN\.jdks\temurin-21.0.10\bin\jimage.dll
Event: 0.177 Loaded shared library C:\Program Files\JetBrains\IntelliJ IDEA 2024.2.3\bin\breakgen64.dll
Event: 0.189 Loaded shared library C:\Users\ADMIN\.jdks\temurin-21.0.10\bin\extnet.dll
Event: 0.203 Loaded shared library C:\Users\ADMIN\.jdks\temurin-21.0.10\bin\management.dll
Event: 0.215 Loaded shared library C:\Users\ADMIN\.jdks\temurin-21.0.10\bin\management_ext.dll
Event: 1.616 Loaded shared library C:\Users\ADMIN\.jdks\temurin-21.0.10\bin\sunmscapi.dll

Deoptimization events (0 events):
No events

Classes loaded (20 events):
Event: 75.699 Loading class java/nio/channels/ClosedChannelException
Event: 75.699 Loading class java/nio/channels/ClosedChannelException done
Event: 75.700 Loading class java/nio/channels/ReadPendingException
Event: 75.701 Loading class java/nio/channels/ReadPendingException done
Event: 75.701 Loading class java/nio/channels/WritePendingException
Event: 75.701 Loading class java/nio/channels/WritePendingException done
Event: 75.707 Loading class java/util/concurrent/LinkedBlockingDeque
Event: 75.707 Loading class java/util/concurrent/BlockingDeque
Event: 75.708 Loading class java/util/concurrent/BlockingDeque done
Event: 75.708 Loading class java/util/concurrent/LinkedBlockingDeque done
Event: 75.708 Loading class java/util/concurrent/Semaphore
Event: 75.709 Loading class java/util/concurrent/Semaphore done
Event: 75.709 Loading class java/util/concurrent/Semaphore$NonfairSync
Event: 75.709 Loading class java/util/concurrent/Semaphore$Sync
Event: 75.709 Loading class java/util/concurrent/Semaphore$Sync done
Event: 75.709 Loading class java/util/concurrent/Semaphore$NonfairSync done
Event: 75.710 Loading class sun/nio/ch/SocketAdaptor
Event: 75.710 Loading class sun/nio/ch/SocketAdaptor done
Event: 75.710 Loading class sun/nio/ch/SocketChannelImpl$DefaultOptionsHolder
Event: 75.710 Loading class sun/nio/ch/SocketChannelImpl$DefaultOptionsHolder done

Classes unloaded (3 events):
Event: 1.507 Thread 0x0000025c13c2ae50 Unloading class 0x0000025c180e0400 'java/lang/invoke/LambdaForm$DMH+0x0000025c180e0400'
Event: 1.507 Thread 0x0000025c13c2ae50 Unloading class 0x0000025c180db800 'java/lang/invoke/LambdaForm$MH+0x0000025c180db800'
Event: 1.507 Thread 0x0000025c13c2ae50 Unloading class 0x0000025c180db000 'java/lang/invoke/LambdaForm$MH+0x0000025c180db000'

Classes redefined (0 events):
No events

Internal exceptions (20 events):
Event: 3.108 Thread 0x0000025c00621e70 Exception <a 'java/lang/NoSuchMethodError'{0x00000007045637a0}: 'java.lang.Object java.lang.invoke.DirectMethodHandle$Holder.newInvokeSpecial(java.lang.Object, java.lang.Object, int)'> (0x00000007045637a0) 
thrown [s\src\hotspot\share\interpreter\linkResolver.cpp, line 773]
Event: 3.136 Thread 0x0000025c00621e70 Exception <a 'java/lang/NoSuchMethodError'{0x0000000704114eb8}: 'int java.lang.invoke.DirectMethodHandle$Holder.invokeStaticInit(java.lang.Object, int, java.lang.Object, java.lang.Object, java.lang.Object, java.lang.Object)'> (0x0000000704114eb8) 
thrown [s\src\hotspot\share\interpreter\linkResolver.cpp, line 773]
Event: 3.156 Thread 0x0000025c00621e70 Exception <a 'java/lang/IncompatibleClassChangeError'{0x0000000703ea2d00}: Found class java.lang.Object, but interface was expected> (0x0000000703ea2d00) 
thrown [s\src\hotspot\share\interpreter\linkResolver.cpp, line 840]
Event: 3.277 Thread 0x0000025c00621e70 Exception <a 'java/lang/NoSuchMethodError'{0x0000000706af26d0}: 'java.lang.Object java.lang.invoke.DirectMethodHandle$Holder.newInvokeSpecial(java.lang.Object, java.lang.Object, java.lang.Object, java.lang.Object, java.lang.Object, java.lang.Object, java.lang.Object, java.lang.Object)'> (0x0000000706af26d0) 
thrown [s\src\hotspot\share\interpreter\linkResolver.cpp, line 773]
Event: 3.414 Thread 0x0000025c5e2bc1e0 Exception <a 'java/lang/NoSuchMethodError'{0x0000000705990248}: 'void java.lang.invoke.DirectMethodHandle$Holder.invokeStatic(java.lang.Object, long)'> (0x0000000705990248) 
thrown [s\src\hotspot\share\interpreter\linkResolver.cpp, line 773]
Event: 3.414 Thread 0x0000025c5e2bd590 Exception <a 'java/lang/NoSuchMethodError'{0x00000007059a5650}: 'void java.lang.invoke.DirectMethodHandle$Holder.invokeStatic(java.lang.Object, long)'> (0x00000007059a5650) 
thrown [s\src\hotspot\share\interpreter\linkResolver.cpp, line 773]
Event: 3.414 Thread 0x0000025c5e2bc870 Exception <a 'java/lang/NoSuchMethodError'{0x00000007059b6f68}: 'void java.lang.invoke.DirectMethodHandle$Holder.invokeStatic(java.lang.Object, long)'> (0x00000007059b6f68) 
thrown [s\src\hotspot\share\interpreter\linkResolver.cpp, line 773]
Event: 3.438 Thread 0x0000025c00621e70 Exception <a 'java/lang/IncompatibleClassChangeError'{0x000000070544fcc8}: Found class java.lang.Object, but interface was expected> (0x000000070544fcc8) 
thrown [s\src\hotspot\share\interpreter\linkResolver.cpp, line 840]
Event: 3.488 Thread 0x0000025c5e2bc1e0 Exception <a 'java/lang/NoSuchMethodError'{0x0000000704e083e0}: 'void java.lang.invoke.DirectMethodHandle$Holder.invokeStatic(java.lang.Object, java.lang.Object, long)'> (0x0000000704e083e0) 
thrown [s\src\hotspot\share\interpreter\linkResolver.cpp, line 773]
Event: 3.488 Thread 0x0000025c5e2bd590 Exception <a 'java/lang/NoSuchMethodError'{0x00000007051acf30}: 'void java.lang.invoke.DirectMethodHandle$Holder.invokeStatic(java.lang.Object, java.lang.Object, long)'> (0x00000007051acf30) 
thrown [s\src\hotspot\share\interpreter\linkResolver.cpp, line 773]
Event: 3.650 Thread 0x0000025c00621e70 Exception <a 'java/lang/NoSuchMethodError'{0x0000000707732cb0}: 'java.lang.Object java.lang.invoke.DirectMethodHandle$Holder.invokeInterface(java.lang.Object, java.lang.Object, java.lang.Object, java.lang.Object)'> (0x0000000707732cb0) 
thrown [s\src\hotspot\share\interpreter\linkResolver.cpp, line 773]
Event: 3.742 Thread 0x0000025c00621e70 Exception <a 'java/lang/NoSuchMethodError'{0x00000007070090a8}: 'int java.lang.invoke.DirectMethodHandle$Holder.invokeStaticInit(java.lang.Object, java.lang.Object, java.lang.Object, java.lang.Object)'> (0x00000007070090a8) 
thrown [s\src\hotspot\share\interpreter\linkResolver.cpp, line 773]
Event: 3.827 Thread 0x0000025c00621e70 Exception <a 'java/lang/NoSuchMethodError'{0x0000000706dd4e80}: 'int java.lang.invoke.DirectMethodHandle$Holder.invokeStatic(java.lang.Object, java.lang.Object, java.lang.Object, java.lang.Object, java.lang.Object)'> (0x0000000706dd4e80) 
thrown [s\src\hotspot\share\interpreter\linkResolver.cpp, line 773]
Event: 3.860 Thread 0x0000025c00621e70 Exception <a 'java/lang/NoSuchMethodError'{0x000000070681c950}: 'java.lang.Object java.lang.invoke.DirectMethodHandle$Holder.newInvokeSpecial(java.lang.Object, java.lang.Object, int, java.lang.Object, java.lang.Object)'> (0x000000070681c950) 
thrown [s\src\hotspot\share\interpreter\linkResolver.cpp, line 773]
Event: 4.044 Thread 0x0000025c5ee44050 Exception <a 'java/lang/NoSuchMethodError'{0x000000070647ee10}: 'java.lang.Object java.lang.invoke.DirectMethodHandle$Holder.invokeInterface(java.lang.Object, java.lang.Object, java.lang.Object, java.lang.Object, java.lang.Object, java.lang.Object, java.lang.Object)'> (0x000000070647ee10) 
thrown [s\src\hotspot\share\interpreter\linkResolver.cpp, line 773]
Event: 62.703 Thread 0x0000025c5d0ccf90 Exception <a 'java/lang/NoSuchMethodError'{0x0000000706349a60}: 'java.lang.Object java.lang.invoke.DirectMethodHandle$Holder.newInvokeSpecial(java.lang.Object, java.lang.Object, long)'> (0x0000000706349a60) 
thrown [s\src\hotspot\share\interpreter\linkResolver.cpp, line 773]
Event: 75.704 Thread 0x0000025c5ee43330 Exception <a 'java/lang/NoSuchMethodError'{0x000000070605b5c0}: 'java.lang.Object java.lang.invoke.DirectMethodHandle$Holder.invokeStatic(java.lang.Object, java.lang.Object, java.lang.Object, int, int)'> (0x000000070605b5c0) 
thrown [s\src\hotspot\share\interpreter\linkResolver.cpp, line 773]
Event: 75.705 Thread 0x0000025c5ee43330 Exception <a 'java/lang/NoSuchMethodError'{0x000000070605ebc0}: 'java.lang.Object java.lang.invoke.DirectMethodHandle$Holder.invokeStaticInit(java.lang.Object, java.lang.Object, java.lang.Object, int, int)'> (0x000000070605ebc0) 
thrown [s\src\hotspot\share\interpreter\linkResolver.cpp, line 773]
Event: 75.761 Thread 0x0000025c5ee3eb00 Exception <a 'java/lang/NoSuchMethodError'{0x00000007061a46c8}: 'java.lang.Object java.lang.invoke.DirectMethodHandle$Holder.invokeSpecial(java.lang.Object, java.lang.Object, java.lang.Object, java.lang.Object, java.lang.Object, long)'> (0x00000007061a46c8) 
thrown [s\src\hotspot\share\interpreter\linkResolver.cpp, line 773]
Event: 75.761 Thread 0x0000025c5ee3eb00 Exception <a 'java/lang/NoSuchMethodError'{0x00000007061a7ea8}: 'java.lang.Object java.lang.invoke.Invokers$Holder.linkToTargetMethod(java.lang.Object, java.lang.Object, java.lang.Object, long, java.lang.Object)'> (0x00000007061a7ea8) 
thrown [s\src\hotspot\share\interpreter\linkResolver.cpp, line 773]

ZGC Phase Switch (0 events):
No events

VM Operations (20 events):
Event: 26.862 Executing safepoint VM operation: Cleanup done
Event: 27.865 Executing safepoint VM operation: Cleanup
Event: 27.865 Executing safepoint VM operation: Cleanup done
Event: 33.921 Executing safepoint VM operation: Cleanup
Event: 33.921 Executing safepoint VM operation: Cleanup done
Event: 43.985 Executing safepoint VM operation: Cleanup
Event: 43.985 Executing safepoint VM operation: Cleanup done
Event: 51.038 Executing safepoint VM operation: Cleanup
Event: 51.038 Executing safepoint VM operation: Cleanup done
Event: 53.052 Executing safepoint VM operation: Cleanup
Event: 53.052 Executing safepoint VM operation: Cleanup done
Event: 60.121 Executing non-safepoint VM operation: HandshakeAllThreads (HandshakeForDeflation)
Event: 60.121 Executing non-safepoint VM operation: HandshakeAllThreads (HandshakeForDeflation) done
Event: 60.121 Executing non-safepoint VM operation: RendezvousGCThreads
Event: 60.121 Executing non-safepoint VM operation: RendezvousGCThreads done
Event: 64.166 Executing safepoint VM operation: Cleanup
Event: 64.166 Executing safepoint VM operation: Cleanup done
Event: 74.260 Executing safepoint VM operation: Cleanup
Event: 74.260 Executing safepoint VM operation: Cleanup done
Event: 75.762 Executing safepoint VM operation: G1TryInitiateConcMark (G1 Humongous Allocation)

Memory protections (0 events):
No events

Nmethod flushes (20 events):
Event: 2.644 Thread 0x0000025c13c2ae50 flushing  nmethod 0x0000025c0b74f310
Event: 2.644 Thread 0x0000025c13c2ae50 flushing  nmethod 0x0000025c0b767f90
Event: 2.644 Thread 0x0000025c13c2ae50 flushing  nmethod 0x0000025c0b778690
Event: 2.644 Thread 0x0000025c13c2ae50 flushing  nmethod 0x0000025c0b7d7d10
Event: 2.644 Thread 0x0000025c13c2ae50 flushing  nmethod 0x0000025c0b9a3c90
Event: 2.644 Thread 0x0000025c13c2ae50 flushing  nmethod 0x0000025c0b9a5190
Event: 2.644 Thread 0x0000025c13c2ae50 flushing  nmethod 0x0000025c0ba1aa10
Event: 2.644 Thread 0x0000025c13c2ae50 flushing  nmethod 0x0000025c0ba21d10
Event: 2.644 Thread 0x0000025c13c2ae50 flushing  nmethod 0x0000025c0bad8710
Event: 2.644 Thread 0x0000025c13c2ae50 flushing  nmethod 0x0000025c0b423090
Event: 2.644 Thread 0x0000025c13c2ae50 flushing  nmethod 0x0000025c0b79c410
Event: 2.644 Thread 0x0000025c13c2ae50 flushing  nmethod 0x0000025c0b7e0110
Event: 2.644 Thread 0x0000025c13c2ae50 flushing  nmethod 0x0000025c0b7f2a90
Event: 2.644 Thread 0x0000025c13c2ae50 flushing  nmethod 0x0000025c0b7f3190
Event: 2.644 Thread 0x0000025c13c2ae50 flushing  nmethod 0x0000025c0b9d9590
Event: 2.644 Thread 0x0000025c13c2ae50 flushing  nmethod 0x0000025c0ba0c610
Event: 2.644 Thread 0x0000025c13c2ae50 flushing  nmethod 0x0000025c0ba2e490
Event: 2.644 Thread 0x0000025c13c2ae50 flushing  nmethod 0x0000025c0babb390
Event: 2.644 Thread 0x0000025c13c2ae50 flushing  nmethod 0x0000025c0bb76690
Event: 2.644 Thread 0x0000025c13c2ae50 flushing  nmethod 0x0000025c0bba8390

Events (20 events):
Event: 5.277 Thread 0x0000025c58143710 Thread exited: 0x0000025c58143710
Event: 5.277 Thread 0x0000025c58143040 Thread exited: 0x0000025c58143040
Event: 6.281 Thread 0x0000025c58143de0 Thread exited: 0x0000025c58143de0
Event: 6.281 Thread 0x0000025c58145920 Thread exited: 0x0000025c58145920
Event: 7.343 Thread 0x0000025c58145ff0 Thread exited: 0x0000025c58145ff0
Event: 7.343 Thread 0x0000025c58145250 Thread exited: 0x0000025c58145250
Event: 18.700 Thread 0x0000025c581466c0 Thread exited: 0x0000025c581466c0
Event: 25.899 Thread 0x0000025c13c6f600 Thread added: 0x0000025c58890d90
Event: 27.956 Thread 0x0000025c58890d90 Thread exited: 0x0000025c58890d90
Event: 50.550 Thread 0x0000025c13c6f600 Thread added: 0x0000025c5888f920
Event: 51.625 Thread 0x0000025c5888f920 Thread exited: 0x0000025c5888f920
Event: 53.590 Thread 0x0000025c13c6f600 Thread added: 0x0000025c5888f920
Event: 55.839 Thread 0x0000025c5888f920 Thread exited: 0x0000025c5888f920
Event: 62.906 Thread 0x0000025c5e4c8890 Thread exited: 0x0000025c5e4c8890
Event: 68.403 Thread 0x0000025c13c6f600 Thread added: 0x0000025c5888fff0
Event: 69.485 Thread 0x0000025c5888fff0 Thread exited: 0x0000025c5888fff0
Event: 69.487 Thread 0x0000025c13c6f600 Thread added: 0x0000025c5888f920
Event: 69.487 Thread 0x0000025c13c6f600 Thread added: 0x0000025c5888fff0
Event: 72.588 Thread 0x0000025c5888fff0 Thread exited: 0x0000025c5888fff0
Event: 74.974 Thread 0x0000025c5888f920 Thread exited: 0x0000025c5888f920


Dynamic libraries:
0x00007ff728010000 - 0x00007ff72801e000 	C:\Users\ADMIN\.jdks\temurin-21.0.10\bin\java.exe
0x00007ffca6040000 - 0x00007ffca62a7000 	C:\WINDOWS\SYSTEM32\ntdll.dll
0x00007ffca4390000 - 0x00007ffca4459000 	C:\WINDOWS\System32\KERNEL32.DLL
0x00007ffca3850000 - 0x00007ffca3c44000 	C:\WINDOWS\System32\KERNELBASE.dll
0x00007ffca2c70000 - 0x00007ffca2dbb000 	C:\WINDOWS\System32\ucrtbase.dll
0x00007ffc88920000 - 0x00007ffc88938000 	C:\Users\ADMIN\.jdks\temurin-21.0.10\bin\jli.dll
0x00007ffc88900000 - 0x00007ffc8891e000 	C:\Users\ADMIN\.jdks\temurin-21.0.10\bin\VCRUNTIME140.dll
0x00007ffca5a40000 - 0x00007ffca5c05000 	C:\WINDOWS\System32\USER32.dll
0x00007ffca29a0000 - 0x00007ffca29c7000 	C:\WINDOWS\System32\win32u.dll
0x00007ffca4460000 - 0x00007ffca448b000 	C:\WINDOWS\System32\GDI32.dll
0x00007ffc84e40000 - 0x00007ffc850d3000 	C:\WINDOWS\WinSxS\amd64_microsoft.windows.common-controls_6595b64144ccf1df_6.0.26100.8115_none_3e075c82e3354f9c\COMCTL32.dll
0x00007ffca2b40000 - 0x00007ffca2c6b000 	C:\WINDOWS\System32\gdi32full.dll
0x00007ffca4ae0000 - 0x00007ffca4b89000 	C:\WINDOWS\System32\msvcrt.dll
0x00007ffca37a0000 - 0x00007ffca3843000 	C:\WINDOWS\System32\msvcp_win.dll
0x00007ffca41b0000 - 0x00007ffca41e2000 	C:\WINDOWS\System32\IMM32.DLL
0x0000000054820000 - 0x000000005482c000 	C:\Program Files (x86)\360\Total Security\safemon\SafeWrapper.dll
0x00007ffca40e0000 - 0x00007ffca4196000 	C:\WINDOWS\System32\ADVAPI32.dll
0x00007ffca42c0000 - 0x00007ffca4367000 	C:\WINDOWS\System32\sechost.dll
0x00007ffca5d00000 - 0x00007ffca5e18000 	C:\WINDOWS\System32\RPCRT4.dll
0x00007ffc050c0000 - 0x00007ffc0516c000 	C:\Program Files (x86)\360\Total Security\safemon\libzdtp64.dll
0x00007ffca4d70000 - 0x00007ffca54d7000 	C:\WINDOWS\System32\SHELL32.dll
0x00007ffca3630000 - 0x00007ffca379a000 	C:\WINDOWS\System32\wintypes.dll
0x00007ffca54e0000 - 0x00007ffca5862000 	C:\WINDOWS\System32\combase.dll
0x00007ffca5c10000 - 0x00007ffca5c76000 	C:\WINDOWS\System32\SHLWAPI.dll
0x00007ffca2dc0000 - 0x00007ffca3628000 	C:\WINDOWS\System32\Windows.Storage.dll
0x00007ffca23f0000 - 0x00007ffca23fb000 	C:\WINDOWS\SYSTEM32\VERSION.dll
0x00007ffc89030000 - 0x00007ffc8903c000 	C:\Users\ADMIN\.jdks\temurin-21.0.10\bin\vcruntime140_1.dll
0x00007ffc88870000 - 0x00007ffc888fd000 	C:\Users\ADMIN\.jdks\temurin-21.0.10\bin\msvcp140.dll
0x00007ffbb36b0000 - 0x00007ffbb4451000 	C:\Users\ADMIN\.jdks\temurin-21.0.10\bin\server\jvm.dll
0x00007ffca4200000 - 0x00007ffca4280000 	C:\WINDOWS\System32\WS2_32.dll
0x00007ffca2770000 - 0x00007ffca27ce000 	C:\WINDOWS\SYSTEM32\POWRPROF.dll
0x00007ffc96570000 - 0x00007ffc965a6000 	C:\WINDOWS\SYSTEM32\WINMM.dll
0x00007ffca2750000 - 0x00007ffca2764000 	C:\WINDOWS\SYSTEM32\UMPDC.dll
0x00007ffca1600000 - 0x00007ffca161b000 	C:\WINDOWS\SYSTEM32\kernel.appcore.dll
0x00007ffc88860000 - 0x00007ffc8886a000 	C:\Users\ADMIN\.jdks\temurin-21.0.10\bin\jimage.dll
0x00007ffc9ff80000 - 0x00007ffca01c2000 	C:\WINDOWS\SYSTEM32\DBGHELP.DLL
0x00007ffca4c90000 - 0x00007ffca4d68000 	C:\WINDOWS\System32\OLEAUT32.dll
0x00007ffc827d0000 - 0x00007ffc8280b000 	C:\WINDOWS\SYSTEM32\dbgcore.DLL
0x00007ffca2a90000 - 0x00007ffca2b35000 	C:\WINDOWS\System32\bcryptPrimitives.dll
0x00007ffc86f60000 - 0x00007ffc86f6f000 	C:\Users\ADMIN\.jdks\temurin-21.0.10\bin\instrument.dll
0x00007ffc88840000 - 0x00007ffc88860000 	C:\Users\ADMIN\.jdks\temurin-21.0.10\bin\java.dll
0x00007ffca4b90000 - 0x00007ffca4c88000 	C:\WINDOWS\System32\SHCORE.dll
0x00007ffca2830000 - 0x00007ffca2859000 	C:\WINDOWS\SYSTEM32\profapi.dll
0x00007ffc86f70000 - 0x00007ffc86f88000 	C:\Users\ADMIN\.jdks\temurin-21.0.10\bin\zip.dll
0x00007ffc88830000 - 0x00007ffc88840000 	C:\Users\ADMIN\.jdks\temurin-21.0.10\bin\net.dll
0x00007ffc9b9a0000 - 0x00007ffc9bacd000 	C:\WINDOWS\SYSTEM32\WINHTTP.dll
0x00007ffca1b80000 - 0x00007ffca1bec000 	C:\WINDOWS\system32\mswsock.dll
0x00007ffc88810000 - 0x00007ffc88826000 	C:\Users\ADMIN\.jdks\temurin-21.0.10\bin\nio.dll
0x00007ffc86340000 - 0x00007ffc8635a000 	C:\Program Files\JetBrains\IntelliJ IDEA 2024.2.3\bin\breakgen64.dll
0x00007ffc86320000 - 0x00007ffc86329000 	C:\Users\ADMIN\.jdks\temurin-21.0.10\bin\extnet.dll
0x00007ffca1060000 - 0x00007ffca1192000 	C:\WINDOWS\SYSTEM32\DNSAPI.dll
0x00007ffca0fd0000 - 0x00007ffca1002000 	C:\WINDOWS\SYSTEM32\IPHLPAPI.DLL
0x00007ffca4920000 - 0x00007ffca492a000 	C:\WINDOWS\System32\NSI.dll
0x00007ffc8e700000 - 0x00007ffc8e70b000 	C:\Windows\System32\rasadhlp.dll
0x00007ffc969d0000 - 0x00007ffc96a56000 	C:\WINDOWS\System32\fwpuclnt.dll
0x00007ffc86f40000 - 0x00007ffc86f4a000 	C:\Users\ADMIN\.jdks\temurin-21.0.10\bin\management.dll
0x00007ffc86360000 - 0x00007ffc8636c000 	C:\Users\ADMIN\.jdks\temurin-21.0.10\bin\management_ext.dll
0x00007ffca41f0000 - 0x00007ffca41f8000 	C:\WINDOWS\System32\PSAPI.DLL
0x00007ffca1e90000 - 0x00007ffca1eab000 	C:\WINDOWS\SYSTEM32\CRYPTSP.dll
0x00007ffca1560000 - 0x00007ffca1599000 	C:\WINDOWS\system32\rsaenh.dll
0x00007ffca1c50000 - 0x00007ffca1c83000 	C:\WINDOWS\SYSTEM32\USERENV.dll
0x00007ffca2800000 - 0x00007ffca282a000 	C:\WINDOWS\SYSTEM32\bcrypt.dll
0x00007ffca1e80000 - 0x00007ffca1e8c000 	C:\WINDOWS\SYSTEM32\CRYPTBASE.dll
0x00007ffc75170000 - 0x00007ffc75188000 	C:\WINDOWS\system32\napinsp.dll
0x00007ffc75130000 - 0x00007ffc75143000 	C:\WINDOWS\System32\winrnr.dll
0x00007ffc750c0000 - 0x00007ffc750e2000 	C:\WINDOWS\system32\nlansp_c.dll
0x00007ffc74fb0000 - 0x00007ffc74fc6000 	C:\WINDOWS\system32\wshbth.dll
0x00007ffc829d0000 - 0x00007ffc82a26000 	C:\WINDOWS\SYSTEM32\pdh.dll
0x00007ffc89040000 - 0x00007ffc89052000 	C:\WINDOWS\System32\perfproc.dll
0x00007ffc8cf10000 - 0x00007ffc8cf21000 	C:\WINDOWS\System32\perfos.dll
0x00007ffc9d810000 - 0x00007ffc9d822000 	C:\WINDOWS\SYSTEM32\pfclient.dll
0x00007ffc86330000 - 0x00007ffc8633e000 	C:\Users\ADMIN\.jdks\temurin-21.0.10\bin\sunmscapi.dll
0x00007ffca3c50000 - 0x00007ffca3dc7000 	C:\WINDOWS\System32\CRYPT32.dll
0x00007ffca20a0000 - 0x00007ffca20d0000 	C:\WINDOWS\SYSTEM32\ncrypt.dll
0x00007ffca2050000 - 0x00007ffca208f000 	C:\WINDOWS\SYSTEM32\NTASN1.dll
0x00007ffc96c80000 - 0x00007ffc96c9d000 	C:\WINDOWS\SYSTEM32\dhcpcsvc6.DLL
0x00007ffc96c50000 - 0x00007ffc96c75000 	C:\WINDOWS\SYSTEM32\dhcpcsvc.DLL
0x00007ffc722f0000 - 0x00007ffc722f8000 	C:\WINDOWS\system32\wshunix.dll

JVMTI agents:
C:\Program Files\JetBrains\IntelliJ IDEA 2024.2.3\lib\idea_rt.jar path:C:\Users\ADMIN\.jdks\temurin-21.0.10\bin\instrument.dll, loaded, initialized, instrumentlib options:63971:C:\Program Files\JetBrains\IntelliJ IDEA 2024.2.3\bin

dbghelp: loaded successfully - version: 4.0.5 - missing functions: none
symbol engine: initialized successfully - sym options: 0x614 - pdb path: .;C:\Users\ADMIN\.jdks\temurin-21.0.10\bin;C:\WINDOWS\SYSTEM32;C:\WINDOWS\WinSxS\amd64_microsoft.windows.common-controls_6595b64144ccf1df_6.0.26100.8115_none_3e075c82e3354f9c;C:\Program Files (x86)\360\Total Security\safemon;C:\Users\ADMIN\.jdks\temurin-21.0.10\bin\server;C:\Program Files\JetBrains\IntelliJ IDEA 2024.2.3\bin

VM Arguments:
jvm_args: -XX:TieredStopAtLevel=1 -Dspring.output.ansi.enabled=always -Dcom.sun.management.jmxremote -Dspring.jmx.enabled=true -Dspring.liveBeansView.mbeanDomain -Dspring.application.admin.enabled=true -Dmanagement.endpoints.jmx.exposure.include=* -javaagent:C:\Program Files\JetBrains\IntelliJ IDEA 2024.2.3\lib\idea_rt.jar=63971:C:\Program Files\JetBrains\IntelliJ IDEA 2024.2.3\bin -Dfile.encoding=UTF-8 -Dsun.stdout.encoding=UTF-8 -Dsun.stderr.encoding=UTF-8 
java_command: com.iws.fashionshop.FashionshopApplication
java_class_path (initial): C:\fsshop\fashionshop\target\classes;C:\Users\ADMIN\.m2\repository\org\springframework\boot\spring-boot-starter-web\3.5.13\spring-boot-starter-web-3.5.13.jar;C:\Users\ADMIN\.m2\repository\org\springframework\boot\spring-boot-starter\3.5.13\spring-boot-starter-3.5.13.jar;C:\Users\ADMIN\.m2\repository\org\springframework\boot\spring-boot\3.5.13\spring-boot-3.5.13.jar;C:\Users\ADMIN\.m2\repository\org\springframework\boot\spring-boot-autoconfigure\3.5.13\spring-boot-autoconfigure-3.5.13.jar;C:\Users\ADMIN\.m2\repository\org\springframework\boot\spring-boot-starter-logging\3.5.13\spring-boot-starter-logging-3.5.13.jar;C:\Users\ADMIN\.m2\repository\ch\qos\logback\logback-classic\1.5.32\logback-classic-1.5.32.jar;C:\Users\ADMIN\.m2\repository\ch\qos\logback\logback-core\1.5.32\logback-core-1.5.32.jar;C:\Users\ADMIN\.m2\repository\org\apache\logging\log4j\log4j-to-slf4j\2.24.3\log4j-to-slf4j-2.24.3.jar;C:\Users\ADMIN\.m2\repository\org\apache\logging\log4j\log4j-api\2.24.3\log4j-api-2.24.3.jar;C:\Users\ADMIN\.m2\repository\org\slf4j\jul-to-slf4j\2.0.17\jul-to-slf4j-2.0.17.jar;C:\Users\ADMIN\.m2\repository\jakarta\annotation\jakarta.annotation-api\2.1.1\jakarta.annotation-api-2.1.1.jar;C:\Users\ADMIN\.m2\repository\org\yaml\snakeyaml\2.4\snakeyaml-2.4.jar;C:\Users\ADMIN\.m2\repository\org\springframework\boot\spring-boot-starter-json\3.5.13\spring-boot-starter-json-3.5.13.jar;C:\Users\ADMIN\.m2\repository\com\fasterxml\jackson\datatype\jackson-datatype-jdk8\2.21.2\jackson-datatype-jdk8-2.21.2.jar;C:\Users\ADMIN\.m2\repository\com\fasterxml\jackson\module\jackson-module-parameter-names\2.21.2\jackson-module-parameter-names-2.21.2.jar;C:\Users\ADMIN\.m2\repository\org\springframework\boot\spring-boot-starter-tomcat\3.5.13\spring-boot-starter-tomcat-3.5.13.jar;C:\Users\ADMIN\.m2\repository\org\apache\tomcat\embed\tomcat-embed-core\10.1.53\tomcat-embed-core-10.1.53.jar;C:\Users\ADMIN\.m2\repository\org\apache\tomcat\embed\tomcat-embed-websocket\10.1.53\tomcat-embed-websocket-10.1.53.jar;C:\Users\ADMIN\.m2\repository\org\springframework\spring-web\6.2.17\spring-web-6.2.17.jar;C:\Users\ADMIN\.m2\repository\io\micrometer\micrometer-observation\1.15.10\micrometer-observation-1.15.10.jar;C:\Users\ADMIN\.m2\repository\io\micrometer\micrometer-commons\1.15.10\micrometer-commons-1.15.10.jar;C:\Users\ADMIN\.m2\repository\org\springframework\spring-webmvc\6.2.17\spring-webmvc-6.2.17.jar;C:\Users\ADMIN\.m2\repository\org\springframework\spring-context\6.2.17\spring-context-6.2.17.jar;C:\Users\ADMIN\.m2\repository\org\springframework\spring-expression\6.2.17\spring-expression-6.2.17.jar;C:\Users\ADMIN\.m2\repository\org\springframework\boot\spring-boot-starter-webflux\3.5.13\spring-boot-starter-webflux-3.5.13.jar;C:\Users\ADMIN\.m2\repository\org\springframework\boot\spring-boot-starter-reactor-netty\3.5.13\spring-boot-starter-reactor-netty-3.5.13.jar;C:\Users\ADMIN\.m2\repository\io\projectreactor\netty\reactor-netty-http\1.2.16\reactor-netty-http-1.2.16.jar;C:\Users\ADMIN\.m2\repository\io\netty\netty-codec-http\4.1.132.Final\netty-codec-http-4.1.132.Final.jar;C:\Users\ADMIN\.m2\repository\io\netty\netty-common\4.1.132.Final\netty-common-4.1.132.Final.jar;C:\Users\ADMIN\.m2\repository\io\netty\netty-buffer\4.1.132.Final\netty-buffer-4.1.132.Final.jar;C:\Users\ADMIN\.m2\repository\io\netty\netty-transport\4.1.132.Final\netty-transport-4.1.132.Final.jar;C:\Users\ADMIN\.m2\repository\io\netty\netty-codec\4.1.132.Final\netty-codec-4.1.132.Final.jar;C:\Users\ADMIN\.m2\repository\io\netty\netty-handler\4.1.132.Final\netty-handler-4.1.132.Final.jar;C:\Users\ADMIN\.m2\repository\io\netty\netty-codec-http2\4.1.132.Final\netty-codec-http2-4.1.132.Final.jar;C:\Users\ADMIN\.m2\repository\io\netty\netty-resolver-dns\4.1.132.Final\netty-resolver-dns-4.1.132.Final.jar;C:\Users\ADMIN\.m2\repository\io\netty\netty-resolver\4.1.132.Final\netty-resolver-4.1.132.Final.jar;C:\Users\ADMIN\.m2\repository\io\netty\netty-codec-dns\4.1.132.Final\netty-codec-dns-4.1.132.Final.jar;C:\Users\ADMIN\.m2\repository\io\netty\netty-resolver-dns-native-macos\4.1.132.Final\netty-resolver-dns-native-macos-4.1.132.Final-osx-x86_64.jar;C:\Users\ADMIN\.m2\repository\io\netty\netty-resolver-dns-classes-macos\4.1.132.Final\netty-resolver-dns-classes-macos-4.1.132.Final.jar;C:\Users\ADMIN\.m2\repository\io\netty\netty-transport-native-epoll\4.1.132.Final\netty-transport-native-epoll-4.1.132.Final-linux-x86_64.jar;C:\Users\ADMIN\.m2\repository\io\netty\netty-transport-native-unix-common\4.1.132.Final\netty-transport-native-unix-common-4.1.132.Final.jar;C:\Users\ADMIN\.m2\repository\io\netty\netty-transport-classes-epoll\4.1.132.Final\netty-transport-classes-epoll-4.1.132.Final.jar;C:\Users\ADMIN\.m2\repository\io\projectreactor\netty\reactor-netty-core\1.2.16\reactor-netty-core-1.2.16.jar;C:\Users\ADMIN\.m2\repository\io\netty\netty-handler-proxy\4.1.132.Final\netty-handler-proxy-4.1.132.Final.jar;C:\Users\ADMIN\.m2\repository\io\netty\netty-codec-socks\4.1.132.Final\netty-codec-socks-4.1.132.Final.jar;C:\Users\ADMIN\.m2\repository\org\springframework\spring-webflux\6.2.17\spring-webflux-6.2.17.jar;C:\Users\ADMIN\.m2\repository\org\slf4j\slf4j-api\2.0.17\slf4j-api-2.0.17.jar;C:\Users\ADMIN\.m2\repository\org\springframework\spring-core\6.2.17\spring-core-6.2.17.jar;C:\Users\ADMIN\.m2\repository\org\springframework\spring-jcl\6.2.17\spring-jcl-6.2.17.jar;C:\Users\ADMIN\.m2\repository\io\projectreactor\reactor-core\3.7.17\reactor-core-3.7.17.jar;C:\Users\ADMIN\.m2\repository\org\reactivestreams\reactive-streams\1.0.4\reactive-streams-1.0.4.jar;C:\Users\ADMIN\.m2\repository\org\projectlombok\lombok\1.18.44\lombok-1.18.44.jar;C:\Users\ADMIN\.m2\repository\org\springframework\boot\spring-boot-starter-data-mongodb\3.5.13\spring-boot-starter-data-mongodb-3.5.13.jar;C:\Users\ADMIN\.m2\repository\org\mongodb\mongodb-driver-sync\5.5.2\mongodb-driver-sync-5.5.2.jar;C:\Users\ADMIN\.m2\repository\org\mongodb\bson\5.5.2\bson-5.5.2.jar;C:\Users\ADMIN\.m2\repository\org\mongodb\mongodb-driver-core\5.5.2\mongodb-driver-core-5.5.2.jar;C:\Users\ADMIN\.m2\repository\org\mongodb\bson-record-codec\5.5.2\bson-record-codec-5.5.2.jar;C:\Users\ADMIN\.m2\repository\org\springframework\data\spring-data-mongodb\4.5.10\spring-data-mongodb-4.5.10.jar;C:\Users\ADMIN\.m2\repository\org\springframework\spring-tx\6.2.17\spring-tx-6.2.17.jar;C:\Users\ADMIN\.m2\repository\org\springframework\data\spring-data-commons\3.5.10\spring-data-commons-3.5.10.jar;C:\Users\ADMIN\.m2\repository\org\springframework\boot\spring-boot-starter-validation\3.5.13\spring-boot-starter-validation-3.5.13.jar;C:\Users\ADMIN\.m2\repository\org\apache\tomcat\embed\tomcat-embed-el\10.1.53\tomcat-embed-el-10.1.53.jar;C:\Users\ADMIN\.m2\repository\org\hibernate\validator\hibernate-validator\8.0.3.Final\hibernate-validator-8.0.3.Final.jar;C:\Users\ADMIN\.m2\repository\jakarta\validation\jakarta.validation-api\3.0.2\jakarta.validation-api-3.0.2.jar;C:\Users\ADMIN\.m2\repository\org\jboss\logging\jboss-logging\3.6.3.Final\jboss-logging-3.6.3.Final.jar;C:\Users\ADMIN\.m2\repository\com\fasterxml\classmate\1.7.3\classmate-1.7.3.jar;C:\Users\ADMIN\.m2\repository\io\jsonwebtoken\jjwt\0.12.6\jjwt-0.12.6.jar;C:\Users\ADMIN\.m2\repository\org\springframework\boot\spring-boot-starter-security\3.5.13\spring-boot-starter-security-3.5.13.jar;C:\Users\ADMIN\.m2\repository\org\springframework\spring-aop\6.2.17\spring-aop-6.2.17.jar;C:\Users\ADMIN\.m2\repository\org\springframework\security\spring-security-config\6.5.9\spring-security-config-6.5.9.jar;C:\Users\ADMIN\.m2\repository\org\springframework\security\spring-security-core\6.5.9\spring-security-core-6.5.9.jar;C:\Users\ADMIN\.m2\repository\org\springframework\security\spring-security-crypto\6.5.9\spring-security-crypto-6.5.9.jar;C:\Users\ADMIN\.m2\repository\org\springframework\security\spring-security-web\6.5.9\spring-security-web-6.5.9.jar;C:\Users\ADMIN\.m2\repository\io\jsonwebtoken\jjwt-api\0.11.5\jjwt-api-0.11.5.jar;C:\Users\ADMIN\.m2\repository\io\jsonwebtoken\jjwt-impl\0.11.5\jjwt-impl-0.11.5.jar;C:\Users\ADMIN\.m2\repository\io\jsonwebtoken\jjwt-jackson\0.11.5\jjwt-jackson-0.11.5.jar;C:\Users\ADMIN\.m2\repository\com\fasterxml\jackson\core\jackson-databind\2.21.2\jackson-databind-2.21.2.jar;C:\Users\ADMIN\.m2\repository\com\cloudinary\cloudinary-http5\2.0.0\cloudinary-http5-2.0.0.jar;C:\Users\ADMIN\.m2\repository\com\cloudinary\cloudinary-core\2.0.0\cloudinary-core-2.0.0.jar;C:\Users\ADMIN\.m2\repository\org\apache\commons\commons-lang3\3.17.0\commons-lang3-3.17.0.jar;C:\Users\ADMIN\.m2\repository\org\apache\httpcomponents\client5\httpclient5\5.5.2\httpclient5-5.5.2.jar;C:\Users\ADMIN\.m2\repository\org\apache\httpcomponents\core5\httpcore5-h2\5.3.6\httpcore5-h2-5.3.6.jar;C:\Users\ADMIN\.m2\repository\org\apache\httpcomponents\core5\httpcore5\5.3.6\httpcore5-5.3.6.jar;C:\Users\ADMIN\.m2\repository\com\fasterxml\jackson\datatype\jackson-datatype-jsr310\2.21.2\jackson-datatype-jsr310-2.21.2.jar;C:\Users\ADMIN\.m2\repository\com\fasterxml\jackson\core\jackson-annotations\2.21\jackson-annotations-2.21.jar;C:\Users\ADMIN\.m2\repository\com\fasterxml\jackson\core\jackson-core\2.21.2\jackson-core-2.21.2.jar;C:\Users\ADMIN\.m2\repository\org\springframework\spring-beans\6.2.17\spring-beans-6.2.17.jar
Launcher Type: SUN_STANDARD

[Global flags]
     intx CICompilerCount                          = 12                                        {product} {ergonomic}
     uint ConcGCThreads                            = 4                                         {product} {ergonomic}
     uint G1ConcRefinementThreads                  = 15                                        {product} {ergonomic}
   size_t G1HeapRegionSize                         = 2097152                                   {product} {ergonomic}
    uintx GCDrainStackTargetSize                   = 64                                        {product} {ergonomic}
   size_t InitialHeapSize                          = 266338304                                 {product} {ergonomic}
     bool ManagementServer                         = true                                      {product} {command line}
   size_t MarkStackSize                            = 4194304                                   {product} {ergonomic}
   size_t MaxHeapSize                              = 4242538496                                {product} {ergonomic}
   size_t MaxNewSize                               = 2543845376                                {product} {ergonomic}
   size_t MinHeapDeltaBytes                        = 2097152                                   {product} {ergonomic}
   size_t MinHeapSize                              = 8388608                                   {product} {ergonomic}
    uintx NonNMethodCodeHeapSize                   = 4096                                   {pd product} {ergonomic}
    uintx NonProfiledCodeHeapSize                  = 0                                      {pd product} {ergonomic}
     bool ProfileInterpreter                       = false                                  {pd product} {command line}
    uintx ProfiledCodeHeapSize                     = 0                                      {pd product} {ergonomic}
   size_t SoftMaxHeapSize                          = 4242538496                             {manageable} {ergonomic}
     intx TieredStopAtLevel                        = 1                                         {product} {command line}
     bool UseCompressedOops                        = true                           {product lp64_product} {ergonomic}
     bool UseG1GC                                  = true                                      {product} {ergonomic}
     bool UseLargePagesIndividualAllocation        = false                                  {pd product} {ergonomic}

Logging:
Log output configuration:
 #0: stdout all=warning uptime,level,tags foldmultilines=false
 #1: stderr all=off uptime,level,tags foldmultilines=false

Release file:
IMPLEMENTOR="Eclipse Adoptium" 
IMPLEMENTOR_VERSION="Temurin-21.0.10+7" 
JAVA_RUNTIME_VERSION="21.0.10+7-LTS" 
JAVA_VERSION="21.0.10" 
JAVA_VERSION_DATE="2026-01-20" 
LIBC="default" 
MODULES="java.base java.compiler java.datatransfer java.xml java.prefs java.desktop java.instrument java.logging java.management java.security.sasl java.naming java.rmi java.management.rmi java.net.http java.scripting java.security.jgss java.transaction.xa java.sql java.sql.rowset java.xml.crypto java.se java.smartcardio jdk.accessibility jdk.internal.jvmstat jdk.attach jdk.charsets jdk.internal.opt jdk.zipfs jdk.compiler jdk.crypto.ec jdk.crypto.cryptoki jdk.crypto.mscapi jdk.dynalink jdk.internal.ed jdk.editpad jdk.hotspot.agent jdk.httpserver jdk.incubator.vector jdk.internal.le jdk.internal.vm.ci jdk.internal.vm.compiler jdk.internal.vm.compiler.management jdk.jartool jdk.javadoc jdk.jcmd jdk.management jdk.management.agent jdk.jconsole jdk.jdeps jdk.jdwp.agent jdk.jdi jdk.jfr jdk.jlink jdk.jpackage jdk.jshell jdk.jsobject jdk.jstatd jdk.localedata jdk.management.jfr jdk.naming.dns jdk.naming.rmi jdk.net jdk.nio.mapmode jdk.random jdk.sctp jdk.security.auth jdk.security.jgss jdk.unsupported jdk.unsupported.desktop jdk.xml.dom" 
OS_ARCH="x86_64" 
OS_NAME="Windows" 
SOURCE=".:git:a633eafe0fcc" 
BUILD_SOURCE="git:458965074606f027bd5afce2cfd5c1055dea0438"
BUILD_SOURCE_REPO="https://github.com/adoptium/temurin-build.git"
SOURCE_REPO="https://github.com/adoptium/jdk21u.git"
FULL_VERSION="21.0.10+7-LTS"
SEMANTIC_VERSION="21.0.10+7"
BUILD_INFO="OS: Windows Server 2022 Version: 10.0"
JVM_VARIANT="Hotspot"
JVM_VERSION="21.0.10+7-LTS"
IMAGE_TYPE="JDK"

Environment Variables:
JAVA_HOME=C:\Program Files\Eclipse Adoptium\jdk-21.0.3.9-hotspot\
PATH=C:\Python313\Scripts\;C:\Python313\;C:\Program Files\Common Files\Oracle\Java\javapath;C:\Program Files (x86)\Common Files\Oracle\Java\java8path;C:\Program Files (x86)\Common Files\Oracle\Java\javapath;C:\Program Files\Eclipse Adoptium\jdk-21.0.3.9-hotspot\bin;C:\Windows\system32;C:\Windows;C:\Windows\System32\Wbem;C:\Windows\System32\WindowsPowerShell\v1.0\;C:\Windows\System32\OpenSSH\;C:\Program Files (x86)\NVIDIA Corporation\PhysX\Common;C:\WINDOWS\system32;C:\WINDOWS;C:\WINDOWS\System32\Wbem;C:\WINDOWS\System32\WindowsPowerShell\v1.0\;C:\WINDOWS\System32\OpenSSH\;C:\Program Files\Cloudflare\Cloudflare WARP\;C:\ProgramData\chocolatey\bin;C:\Program Files\nodejs\;C:\Program Files\NVIDIA Corporation\NVIDIA App\NvDLISR;C:\Program Files\Git\cmd;C:\Users\ADMIN\AppData\Local\Microsoft\WindowsApps;D:\PCO\Microsoft VS Code\bin;C:\Program Files\JetBrains\IntelliJ IDEA 2024.2.3\bin;;C:\Users\ADMIN\AppData\Roaming\npm
USERNAME=ADMIN
OS=Windows_NT
PROCESSOR_IDENTIFIER=Intel64 Family 6 Model 154 Stepping 3, GenuineIntel
TMP=C:\Users\ADMIN\AppData\Local\Temp
TEMP=C:\Users\ADMIN\AppData\Local\Temp




Periodic native trim disabled

---------------  S Y S T E M  ---------------

OS:
 Windows 11 , 64 bit Build 26100 (10.0.26100.8246)
OS uptime: 1 days 20:30 hours
Hyper-V role detected

CPU: total 20 (initial active 20) (10 cores per cpu, 2 threads per core) family 6 model 154 stepping 3 microcode 0x432, cx8, cmov, fxsr, ht, mmx, 3dnowpref, sse, sse2, sse3, ssse3, sse4.1, sse4.2, popcnt, lzcnt, tsc, tscinvbit, avx, avx2, aes, erms, clmul, bmi1, bmi2, adx, sha, fma, vzeroupper, clflush, clflushopt, clwb, hv, serialize, rdtscp, rdpid, fsrm, f16c, cet_ibt, cet_ss
Processor Information for processor 0
  Max Mhz: 2300, Current Mhz: 2300, Mhz Limit: 2300
Processor Information for processor 1
  Max Mhz: 2300, Current Mhz: 2300, Mhz Limit: 2300
Processor Information for processor 2
  Max Mhz: 2300, Current Mhz: 2300, Mhz Limit: 2300
Processor Information for processor 3
  Max Mhz: 2300, Current Mhz: 2300, Mhz Limit: 2300
Processor Information for processor 4
  Max Mhz: 2300, Current Mhz: 2300, Mhz Limit: 2300
Processor Information for processor 5
  Max Mhz: 2300, Current Mhz: 2300, Mhz Limit: 2300
Processor Information for processor 6
  Max Mhz: 2300, Current Mhz: 2300, Mhz Limit: 2300
Processor Information for processor 7
  Max Mhz: 2300, Current Mhz: 2300, Mhz Limit: 2300
Processor Information for processor 8
  Max Mhz: 2300, Current Mhz: 2300, Mhz Limit: 2300
Processor Information for processor 9
  Max Mhz: 2300, Current Mhz: 2300, Mhz Limit: 2300
Processor Information for processor 10
  Max Mhz: 2300, Current Mhz: 2300, Mhz Limit: 2300
Processor Information for processor 11
  Max Mhz: 2300, Current Mhz: 2300, Mhz Limit: 2300
Processor Information for processor 12
  Max Mhz: 2300, Current Mhz: 1700, Mhz Limit: 1679
Processor Information for processor 13
  Max Mhz: 2300, Current Mhz: 1700, Mhz Limit: 1679
Processor Information for processor 14
  Max Mhz: 2300, Current Mhz: 1700, Mhz Limit: 1679
Processor Information for processor 15
  Max Mhz: 2300, Current Mhz: 1700, Mhz Limit: 1679
Processor Information for processor 16
  Max Mhz: 2300, Current Mhz: 1700, Mhz Limit: 1679
Processor Information for processor 17
  Max Mhz: 2300, Current Mhz: 1700, Mhz Limit: 1679
Processor Information for processor 18
  Max Mhz: 2300, Current Mhz: 1700, Mhz Limit: 1679
Processor Information for processor 19
  Max Mhz: 2300, Current Mhz: 1700, Mhz Limit: 1679

Memory: 4k page, system-wide physical 16176M (2670M free)
TotalPageFile size 20272M (AvailPageFile size 6M)
current process WorkingSet (physical memory assigned to process): 232M, peak: 235M
current process commit charge ("private bytes"): 286M, peak: 365M

vm_info: OpenJDK 64-Bit Server VM (21.0.10+7-LTS) for windows-amd64 JRE (21.0.10+7-LTS), built on 2026-01-20T00:00:00Z by "admin" with MS VC++ 17.12 (VS2022)

END.
