#
# There is insufficient memory for the Java Runtime Environment to continue.
# Native memory allocation (malloc) failed to allocate 32744 bytes. Error detail: Chunk::new
# Possible reasons:
#   The system is out of physical RAM or swap space
#   This process is running with CompressedOops enabled, and the Java Heap may be blocking the growth of the native heap
# Possible solutions:
#   Reduce memory load on the system
#   Increase physical memory or swap space
#   Check if swap backing store is full
#   Decrease Java heap size (-Xmx/-Xms)
#   Decrease number of Java threads
#   Decrease Java thread stack sizes (-Xss)
#   Set larger code cache with -XX:ReservedCodeCacheSize=
#   JVM is running with Zero Based Compressed Oops mode in which the Java heap is
#     placed in the first 32GB address space. The Java Heap base address is the
#     maximum limit for the native heap growth. Please use -XX:HeapBaseMinAddress
#     to set the Java Heap base and to place the Java Heap above 32GB virtual address.
# This output file may be truncated or incomplete.
#
#  Out of Memory Error (arena.cpp:168), pid=14500, tid=17384
#
# JRE version: OpenJDK Runtime Environment Temurin-21.0.10+7 (21.0.10+7) (build 21.0.10+7-LTS)
# Java VM: OpenJDK 64-Bit Server VM Temurin-21.0.10+7 (21.0.10+7-LTS, mixed mode, emulated-client, sharing, tiered, compressed oops, compressed class ptrs, g1 gc, windows-amd64)
# No core dump will be written. Minidumps are not enabled by default on client versions of Windows
#

---------------  S U M M A R Y ------------

Command Line: -XX:TieredStopAtLevel=1 -Dspring.output.ansi.enabled=always -Dcom.sun.management.jmxremote -Dspring.jmx.enabled=true -Dspring.liveBeansView.mbeanDomain -Dspring.application.admin.enabled=true -Dmanagement.endpoints.jmx.exposure.include=* -javaagent:C:\Program Files\JetBrains\IntelliJ IDEA 2024.2.3\lib\idea_rt.jar=62805:C:\Program Files\JetBrains\IntelliJ IDEA 2024.2.3\bin -Dfile.encoding=UTF-8 -Dsun.stdout.encoding=UTF-8 -Dsun.stderr.encoding=UTF-8 com.iws.fashionshop.FashionshopApplication

Host: 12th Gen Intel(R) Core(TM) i7-12700H, 20 cores, 15G,  Windows 11 , 64 bit Build 26100 (10.0.26100.8246)
Time: Mon Apr 27 00:44:39 2026 SE Asia Standard Time elapsed time: 14.327813 seconds (0d 0h 0m 14s)

---------------  T H R E A D  ---------------

Current thread (0x000001b9223c9c70):  JavaThread "C1 CompilerThread1" daemon [_thread_in_native, id=17384, stack(0x0000000e77000000,0x0000000e77100000) (1024K)]


Current CompileTask:
C1:14327 6229   !   1       java.io.ObjectInputStream$BlockDataInputStream::refill (136 bytes)

Stack: [0x0000000e77000000,0x0000000e77100000]
Native frames: (J=compiled Java code, j=interpreted, Vv=VM code, C=native code)
V  [jvm.dll+0x6d7a39]
V  [jvm.dll+0x8b4b26]
V  [jvm.dll+0x8b70de]
V  [jvm.dll+0x8b77c3]
V  [jvm.dll+0x284346]
V  [jvm.dll+0xc66ed]
V  [jvm.dll+0xc6c31]
V  [jvm.dll+0xd26cd]
V  [jvm.dll+0x181d45]
V  [jvm.dll+0x18057e]
V  [jvm.dll+0x16e690]
V  [jvm.dll+0x157327]
V  [jvm.dll+0x156c57]
V  [jvm.dll+0x156e84]
V  [jvm.dll+0x15629c]
V  [jvm.dll+0x15802d]
V  [jvm.dll+0x25b85d]
V  [jvm.dll+0x259dea]
V  [jvm.dll+0x3f857e]
V  [jvm.dll+0x85f59d]
V  [jvm.dll+0x6d626d]
C  [ucrtbase.dll+0x37b0]
C  [KERNEL32.DLL+0x2e8d7]
C  [ntdll.dll+0x8c3fc]


---------------  P R O C E S S  ---------------

Threads class SMR info:
_java_thread_list=0x000001b969e1f540, length=46, elements={
0x000001b9222be240, 0x000001b9222be8b0, 0x000001b9222c18b0, 0x000001b9222c2c70,
0x000001b9222cc150, 0x000001b9222ce4f0, 0x000001b9222cf880, 0x000001b9223c9c70,
0x000001b9223cc330, 0x000001b922480010, 0x000001b9228d9dc0, 0x000001b9228e5b50,
0x000001b922c59a50, 0x000001b922ce9930, 0x000001b922d37ab0, 0x000001b922d52590,
0x000001b96995e2f0, 0x000001b96994b720, 0x000001b9699566b0, 0x000001b96998b120,
0x000001b96998d880, 0x000001b96998cb60, 0x000001b96998aa90, 0x000001b96998d1f0,
0x000001b96998b7b0, 0x000001b96998be40, 0x000001b96998c4d0, 0x000001b96998a400,
0x000001b96a0cb720, 0x000001b96a0cbdb0, 0x000001b96a0c9650, 0x000001b96a0ca370,
0x000001b96a0c8930, 0x000001b96a0caa00, 0x000001b96a0cb090, 0x000001b96a0c8fc0,
0x000001b96a0c9ce0, 0x000001b96a0ccad0, 0x000001b96a0cf230, 0x000001b96a0ce510,
0x000001b96a0cc440, 0x000001b96a0cff50, 0x000001b96a0cd160, 0x000001b96a0cd7f0,
0x000001b96a0cf8c0, 0x000001b922696700
}

Java Threads: ( => current thread )
  0x000001b9222be240 JavaThread "Reference Handler"          daemon [_thread_blocked, id=26112, stack(0x0000000e76900000,0x0000000e76a00000) (1024K)]
  0x000001b9222be8b0 JavaThread "Finalizer"                  daemon [_thread_blocked, id=34128, stack(0x0000000e76a00000,0x0000000e76b00000) (1024K)]
  0x000001b9222c18b0 JavaThread "Signal Dispatcher"          daemon [_thread_blocked, id=15960, stack(0x0000000e76b00000,0x0000000e76c00000) (1024K)]
  0x000001b9222c2c70 JavaThread "Attach Listener"            daemon [_thread_blocked, id=29760, stack(0x0000000e76c00000,0x0000000e76d00000) (1024K)]
  0x000001b9222cc150 JavaThread "Service Thread"             daemon [_thread_blocked, id=11360, stack(0x0000000e76d00000,0x0000000e76e00000) (1024K)]
  0x000001b9222ce4f0 JavaThread "Monitor Deflation Thread"   daemon [_thread_blocked, id=23768, stack(0x0000000e76e00000,0x0000000e76f00000) (1024K)]
  0x000001b9222cf880 JavaThread "C1 CompilerThread0"         daemon [_thread_blocked, id=12208, stack(0x0000000e76f00000,0x0000000e77000000) (1024K)]
=>0x000001b9223c9c70 JavaThread "C1 CompilerThread1"         daemon [_thread_in_native, id=17384, stack(0x0000000e77000000,0x0000000e77100000) (1024K)]
  0x000001b9223cc330 JavaThread "C1 CompilerThread2"         daemon [_thread_blocked, id=23020, stack(0x0000000e77100000,0x0000000e77200000) (1024K)]
  0x000001b922480010 JavaThread "Common-Cleaner"             daemon [_thread_blocked, id=32796, stack(0x0000000e77200000,0x0000000e77300000) (1024K)]
  0x000001b9228d9dc0 JavaThread "Monitor Ctrl-Break"         daemon [_thread_in_native, id=18320, stack(0x0000000e77700000,0x0000000e77800000) (1024K)]
  0x000001b9228e5b50 JavaThread "Notification Thread"        daemon [_thread_blocked, id=14800, stack(0x0000000e77800000,0x0000000e77900000) (1024K)]
  0x000001b922c59a50 JavaThread "RMI TCP Accept-0"           daemon [_thread_in_native, id=32024, stack(0x0000000e77900000,0x0000000e77a00000) (1024K)]
  0x000001b922ce9930 JavaThread "RMI TCP Connection(1)-192.168.56.1" daemon [_thread_in_native, id=13048, stack(0x0000000e77a00000,0x0000000e77b00000) (1024K)]
  0x000001b922d37ab0 JavaThread "RMI Scheduler(0)"           daemon [_thread_blocked, id=4588, stack(0x0000000e77b00000,0x0000000e77c00000) (1024K)]
  0x000001b922d52590 JavaThread "JMX server connection timeout 42" daemon [_thread_blocked, id=30184, stack(0x0000000e78400000,0x0000000e78500000) (1024K)]
  0x000001b96995e2f0 JavaThread "Catalina-utility-1"                [_thread_blocked, id=5472, stack(0x0000000e78b00000,0x0000000e78c00000) (1024K)]
  0x000001b96994b720 JavaThread "Catalina-utility-2"                [_thread_blocked, id=28356, stack(0x0000000e79100000,0x0000000e79200000) (1024K)]
  0x000001b9699566b0 JavaThread "container-0"                       [_thread_blocked, id=1704, stack(0x0000000e79200000,0x0000000e79300000) (1024K)]
  0x000001b96998b120 JavaThread "Jndi-Dns-address-change-listener" daemon [_thread_in_native, id=27392, stack(0x0000000e79300000,0x0000000e79400000) (1024K)]
  0x000001b96998d880 JavaThread "BufferPoolPruner-1-thread-1" daemon [_thread_blocked, id=16896, stack(0x0000000e79400000,0x0000000e79500000) (1024K)]
  0x000001b96998cb60 JavaThread "cluster-ClusterId{value='69ee4efbbfaf599946f02cff', description='null'}-srv-bangpham.zvldzkb.mongodb.net" daemon [_thread_blocked, id=9872, stack(0x0000000e79500000,0x0000000e79600000) (1024K)]
  0x000001b96998aa90 JavaThread "cluster-ClusterId{value='69ee4efbbfaf599946f02cff', description='null'}-ac-4e8no02-shard-00-00.zvldzkb.mongodb.net:27017" daemon [_thread_in_native, id=5236, stack(0x0000000e79600000,0x0000000e79700000) (1024K)]
  0x000001b96998d1f0 JavaThread "cluster-ClusterId{value='69ee4efbbfaf599946f02cff', description='null'}-ac-4e8no02-shard-00-01.zvldzkb.mongodb.net:27017" daemon [_thread_in_native, id=8436, stack(0x0000000e79700000,0x0000000e79800000) (1024K)]
  0x000001b96998b7b0 JavaThread "cluster-ClusterId{value='69ee4efbbfaf599946f02cff', description='null'}-ac-4e8no02-shard-00-02.zvldzkb.mongodb.net:27017" daemon [_thread_in_native, id=26512, stack(0x0000000e79800000,0x0000000e79900000) (1024K)]
  0x000001b96998be40 JavaThread "cluster-rtt-ClusterId{value='69ee4efbbfaf599946f02cff', description='null'}-ac-4e8no02-shard-00-02.zvldzkb.mongodb.net:27017" daemon [_thread_blocked, id=33116, stack(0x0000000e79a00000,0x0000000e79b00000) (1024K)]
  0x000001b96998c4d0 JavaThread "cluster-rtt-ClusterId{value='69ee4efbbfaf599946f02cff', description='null'}-ac-4e8no02-shard-00-01.zvldzkb.mongodb.net:27017" daemon [_thread_blocked, id=22116, stack(0x0000000e79b00000,0x0000000e79c00000) (1024K)]
  0x000001b96998a400 JavaThread "cluster-rtt-ClusterId{value='69ee4efbbfaf599946f02cff', description='null'}-ac-4e8no02-shard-00-00.zvldzkb.mongodb.net:27017" daemon [_thread_blocked, id=31932, stack(0x0000000e79c00000,0x0000000e79d00000) (1024K)]
  0x000001b96a0cb720 JavaThread "MaintenanceTimer-4-thread-1" daemon [_thread_blocked, id=8248, stack(0x0000000e79d00000,0x0000000e79e00000) (1024K)]
  0x000001b96a0cbdb0 JavaThread "MaintenanceTimer-3-thread-1" daemon [_thread_blocked, id=9048, stack(0x0000000e79e00000,0x0000000e79f00000) (1024K)]
  0x000001b96a0c9650 JavaThread "MaintenanceTimer-2-thread-1" daemon [_thread_blocked, id=24384, stack(0x0000000e79f00000,0x0000000e7a000000) (1024K)]
  0x000001b96a0ca370 JavaThread "http-nio-8080-exec-1"       daemon [_thread_blocked, id=13984, stack(0x0000000e7a000000,0x0000000e7a100000) (1024K)]
  0x000001b96a0c8930 JavaThread "http-nio-8080-exec-2"       daemon [_thread_blocked, id=27980, stack(0x0000000e7a100000,0x0000000e7a200000) (1024K)]
  0x000001b96a0caa00 JavaThread "http-nio-8080-exec-3"       daemon [_thread_blocked, id=28436, stack(0x0000000e7a200000,0x0000000e7a300000) (1024K)]
  0x000001b96a0cb090 JavaThread "http-nio-8080-exec-4"       daemon [_thread_blocked, id=29436, stack(0x0000000e7a300000,0x0000000e7a400000) (1024K)]
  0x000001b96a0c8fc0 JavaThread "http-nio-8080-exec-5"       daemon [_thread_blocked, id=22516, stack(0x0000000e7a400000,0x0000000e7a500000) (1024K)]
  0x000001b96a0c9ce0 JavaThread "http-nio-8080-exec-6"       daemon [_thread_blocked, id=15736, stack(0x0000000e7a500000,0x0000000e7a600000) (1024K)]
  0x000001b96a0ccad0 JavaThread "http-nio-8080-exec-7"       daemon [_thread_blocked, id=26544, stack(0x0000000e7a600000,0x0000000e7a700000) (1024K)]
  0x000001b96a0cf230 JavaThread "http-nio-8080-exec-8"       daemon [_thread_blocked, id=34544, stack(0x0000000e7a700000,0x0000000e7a800000) (1024K)]
  0x000001b96a0ce510 JavaThread "http-nio-8080-exec-9"       daemon [_thread_blocked, id=34292, stack(0x0000000e7a800000,0x0000000e7a900000) (1024K)]
  0x000001b96a0cc440 JavaThread "http-nio-8080-exec-10"      daemon [_thread_blocked, id=19476, stack(0x0000000e7a900000,0x0000000e7aa00000) (1024K)]
  0x000001b96a0cff50 JavaThread "http-nio-8080-Poller"       daemon [_thread_in_native, id=33140, stack(0x0000000e7aa00000,0x0000000e7ab00000) (1024K)]
  0x000001b96a0cd160 JavaThread "http-nio-8080-Acceptor"     daemon [_thread_in_native, id=12228, stack(0x0000000e7ab00000,0x0000000e7ac00000) (1024K)]
  0x000001b96a0cd7f0 JavaThread "DestroyJavaVM"                     [_thread_blocked, id=26072, stack(0x0000000e76100000,0x0000000e76200000) (1024K)]
  0x000001b96a0cf8c0 JavaThread "RMI TCP Connection(2)-192.168.56.1" daemon [_thread_in_native, id=20348, stack(0x0000000e7ac00000,0x0000000e7ad00000) (1024K)]
  0x000001b922696700 JavaThread "C1 CompilerThread3"         daemon [_thread_blocked, id=22952, stack(0x0000000e77300000,0x0000000e77400000) (1024K)]
Total: 46

Other Threads:
  0x000001b92129e750 VMThread "VM Thread"                           [id=30700, stack(0x0000000e76800000,0x0000000e76900000) (1024K)]
  0x000001b92128bd20 WatcherThread "VM Periodic Task Thread"        [id=18348, stack(0x0000000e76700000,0x0000000e76800000) (1024K)]
  0x000001b90e186010 WorkerThread "GC Thread#0"                     [id=7652, stack(0x0000000e76200000,0x0000000e76300000) (1024K)]
  0x000001b922d40dd0 WorkerThread "GC Thread#1"                     [id=9060, stack(0x0000000e77c00000,0x0000000e77d00000) (1024K)]
  0x000001b922d41180 WorkerThread "GC Thread#2"                     [id=24928, stack(0x0000000e77d00000,0x0000000e77e00000) (1024K)]
  0x000001b922d41530 WorkerThread "GC Thread#3"                     [id=10592, stack(0x0000000e77e00000,0x0000000e77f00000) (1024K)]
  0x000001b922d418e0 WorkerThread "GC Thread#4"                     [id=8996, stack(0x0000000e77f00000,0x0000000e78000000) (1024K)]
  0x000001b922d46530 WorkerThread "GC Thread#5"                     [id=29800, stack(0x0000000e78000000,0x0000000e78100000) (1024K)]
  0x000001b922d83580 WorkerThread "GC Thread#6"                     [id=23708, stack(0x0000000e78100000,0x0000000e78200000) (1024K)]
  0x000001b922d83930 WorkerThread "GC Thread#7"                     [id=29196, stack(0x0000000e78200000,0x0000000e78300000) (1024K)]
  0x000001b922d88500 WorkerThread "GC Thread#8"                     [id=27084, stack(0x0000000e78300000,0x0000000e78400000) (1024K)]
  0x000001b968368890 WorkerThread "GC Thread#9"                     [id=33392, stack(0x0000000e78500000,0x0000000e78600000) (1024K)]
  0x000001b968723d20 WorkerThread "GC Thread#10"                    [id=11664, stack(0x0000000e78600000,0x0000000e78700000) (1024K)]
  0x000001b968723210 WorkerThread "GC Thread#11"                    [id=33024, stack(0x0000000e78700000,0x0000000e78800000) (1024K)]
  0x000001b968720d30 WorkerThread "GC Thread#12"                    [id=12088, stack(0x0000000e78c00000,0x0000000e78d00000) (1024K)]
  0x000001b968723970 WorkerThread "GC Thread#13"                    [id=12376, stack(0x0000000e78d00000,0x0000000e78e00000) (1024K)]
  0x000001b9687240d0 WorkerThread "GC Thread#14"                    [id=9492, stack(0x0000000e78e00000,0x0000000e78f00000) (1024K)]
  0x000001b90e196de0 ConcurrentGCThread "G1 Main Marker"            [id=5656, stack(0x0000000e76300000,0x0000000e76400000) (1024K)]
  0x000001b90e199540 WorkerThread "G1 Conc#0"                       [id=31300, stack(0x0000000e76400000,0x0000000e76500000) (1024K)]
  0x000001b968722ab0 WorkerThread "G1 Conc#1"                       [id=29912, stack(0x0000000e78800000,0x0000000e78900000) (1024K)]
  0x000001b968722e60 WorkerThread "G1 Conc#2"                       [id=13956, stack(0x0000000e78900000,0x0000000e78a00000) (1024K)]
  0x000001b968722350 WorkerThread "G1 Conc#3"                       [id=1832, stack(0x0000000e78a00000,0x0000000e78b00000) (1024K)]
  0x000001b92115e0d0 ConcurrentGCThread "G1 Refine#0"               [id=25448, stack(0x0000000e76500000,0x0000000e76600000) (1024K)]
  0x000001b92115e610 ConcurrentGCThread "G1 Service"                [id=9628, stack(0x0000000e76600000,0x0000000e76700000) (1024K)]
Total: 24

Threads with active compile tasks:
C1 CompilerThread1  16357 6229   !   1       java.io.ObjectInputStream$BlockDataInputStream::refill (136 bytes)
Total: 1

VM state: not at safepoint (normal execution)

VM Mutex/Monitor currently owned by a thread: None

Heap address: 0x0000000703200000, size: 4046 MB, Compressed Oops mode: Zero based, Oop shift amount: 3

CDS archive(s) mapped at: [0x000001b923000000-0x000001b923c80000-0x000001b923c80000), size 13107200, SharedBaseAddress: 0x000001b923000000, ArchiveRelocationMode: 1.
Compressed class space mapped at: 0x000001b924000000-0x000001b964000000, reserved size: 1073741824
Narrow klass base: 0x000001b923000000, Narrow klass shift: 0, Narrow klass range: 0x100000000

GC Precious Log:
 CardTable entry size: 512
 Card Set container configuration: InlinePtr #cards 4 size 8 Array Of Cards #cards 16 size 48 Howl #buckets 8 coarsen threshold 3686 Howl Bitmap #cards 512 size 80 coarsen threshold 460 Card regions per heap region 1 cards per card region 4096
 CPUs: 20 total, 20 available
 Memory: 16176M
 Large Page Support: Disabled
 NUMA Support: Disabled
 Compressed Oops: Enabled (Zero based)
 Heap Region Size: 2M
 Heap Min Capacity: 8M
 Heap Initial Capacity: 254M
 Heap Max Capacity: 4046M
 Pre-touch: Disabled
 Parallel Workers: 15
 Concurrent Workers: 4
 Concurrent Refinement Workers: 15
 Periodic GC: Disabled

Heap:
 garbage-first heap   total 83968K, used 63115K [0x0000000703200000, 0x0000000800000000)
  region size 2048K, 20 young (40960K), 2 survivors (4096K)
 Metaspace       used 52779K, committed 53568K, reserved 1114112K
  class space    used 7550K, committed 7936K, reserved 1048576K

Heap Regions: E=young(eden), S=young(survivor), O=old, HS=humongous(starts), HC=humongous(continues), CS=collection set, F=free, TAMS=top-at-mark-start, PB=parsable bottom
|   0|0x0000000703200000, 0x0000000703400000, 0x0000000703400000|100%| O|  |TAMS 0x0000000703200000| PB 0x0000000703200000| Untracked 
|   1|0x0000000703400000, 0x0000000703600000, 0x0000000703600000|100%| O|  |TAMS 0x0000000703400000| PB 0x0000000703400000| Untracked 
|   2|0x0000000703600000, 0x0000000703800000, 0x0000000703800000|100%| O|  |TAMS 0x0000000703600000| PB 0x0000000703600000| Untracked 
|   3|0x0000000703800000, 0x0000000703a00000, 0x0000000703a00000|100%| O|  |TAMS 0x0000000703800000| PB 0x0000000703800000| Untracked 
|   4|0x0000000703a00000, 0x0000000703c00000, 0x0000000703c00000|100%| O|  |TAMS 0x0000000703a00000| PB 0x0000000703a00000| Untracked 
|   5|0x0000000703c00000, 0x0000000703c00000, 0x0000000703e00000|  0%| F|  |TAMS 0x0000000703c00000| PB 0x0000000703c00000| Untracked 
|   6|0x0000000703e00000, 0x0000000704000000, 0x0000000704000000|100%| O|  |TAMS 0x0000000703e00000| PB 0x0000000703e00000| Untracked 
|   7|0x0000000704000000, 0x0000000704200000, 0x0000000704200000|100%| O|  |TAMS 0x0000000704000000| PB 0x0000000704000000| Untracked 
|   8|0x0000000704200000, 0x0000000704400000, 0x0000000704400000|100%| O|  |TAMS 0x0000000704200000| PB 0x0000000704200000| Untracked 
|   9|0x0000000704400000, 0x0000000704600000, 0x0000000704600000|100%| O|  |TAMS 0x0000000704400000| PB 0x0000000704400000| Untracked 
|  10|0x0000000704600000, 0x0000000704800000, 0x0000000704800000|100%| O|  |TAMS 0x0000000704600000| PB 0x0000000704600000| Untracked 
|  11|0x0000000704800000, 0x0000000704a00000, 0x0000000704a00000|100%| O|  |TAMS 0x0000000704800000| PB 0x0000000704800000| Untracked 
|  12|0x0000000704a00000, 0x0000000704a33880, 0x0000000704c00000| 10%| O|  |TAMS 0x0000000704a00000| PB 0x0000000704a00000| Untracked 
|  13|0x0000000704c00000, 0x0000000704c00000, 0x0000000704e00000|  0%| F|  |TAMS 0x0000000704c00000| PB 0x0000000704c00000| Untracked 
|  14|0x0000000704e00000, 0x0000000704f6f598, 0x0000000705000000| 71%| S|CS|TAMS 0x0000000704e00000| PB 0x0000000704e00000| Complete 
|  15|0x0000000705000000, 0x0000000705200000, 0x0000000705200000|100%| S|CS|TAMS 0x0000000705000000| PB 0x0000000705000000| Complete 
|  16|0x0000000705200000, 0x0000000705200000, 0x0000000705400000|  0%| F|  |TAMS 0x0000000705200000| PB 0x0000000705200000| Untracked 
|  17|0x0000000705400000, 0x0000000705400000, 0x0000000705600000|  0%| F|  |TAMS 0x0000000705400000| PB 0x0000000705400000| Untracked 
|  18|0x0000000705600000, 0x0000000705600000, 0x0000000705800000|  0%| F|  |TAMS 0x0000000705600000| PB 0x0000000705600000| Untracked 
|  19|0x0000000705800000, 0x0000000705800000, 0x0000000705a00000|  0%| F|  |TAMS 0x0000000705800000| PB 0x0000000705800000| Untracked 
|  20|0x0000000705a00000, 0x0000000705a00000, 0x0000000705c00000|  0%| F|  |TAMS 0x0000000705a00000| PB 0x0000000705a00000| Untracked 
|  21|0x0000000705c00000, 0x0000000705c00000, 0x0000000705e00000|  0%| F|  |TAMS 0x0000000705c00000| PB 0x0000000705c00000| Untracked 
|  22|0x0000000705e00000, 0x0000000705ef8ac8, 0x0000000706000000| 48%| E|  |TAMS 0x0000000705e00000| PB 0x0000000705e00000| Complete 
|  23|0x0000000706000000, 0x0000000706200000, 0x0000000706200000|100%| E|CS|TAMS 0x0000000706000000| PB 0x0000000706000000| Complete 
|  24|0x0000000706200000, 0x0000000706400000, 0x0000000706400000|100%| E|CS|TAMS 0x0000000706200000| PB 0x0000000706200000| Complete 
|  25|0x0000000706400000, 0x0000000706600000, 0x0000000706600000|100%| E|CS|TAMS 0x0000000706400000| PB 0x0000000706400000| Complete 
|  26|0x0000000706600000, 0x0000000706800000, 0x0000000706800000|100%| E|CS|TAMS 0x0000000706600000| PB 0x0000000706600000| Complete 
|  27|0x0000000706800000, 0x0000000706a00000, 0x0000000706a00000|100%| E|CS|TAMS 0x0000000706800000| PB 0x0000000706800000| Complete 
|  28|0x0000000706a00000, 0x0000000706c00000, 0x0000000706c00000|100%| E|CS|TAMS 0x0000000706a00000| PB 0x0000000706a00000| Complete 
|  29|0x0000000706c00000, 0x0000000706e00000, 0x0000000706e00000|100%| E|CS|TAMS 0x0000000706c00000| PB 0x0000000706c00000| Complete 
|  30|0x0000000706e00000, 0x0000000707000000, 0x0000000707000000|100%| E|CS|TAMS 0x0000000706e00000| PB 0x0000000706e00000| Complete 
|  31|0x0000000707000000, 0x0000000707200000, 0x0000000707200000|100%| E|CS|TAMS 0x0000000707000000| PB 0x0000000707000000| Complete 
|  32|0x0000000707200000, 0x0000000707400000, 0x0000000707400000|100%| E|CS|TAMS 0x0000000707200000| PB 0x0000000707200000| Complete 
|  33|0x0000000707400000, 0x0000000707600000, 0x0000000707600000|100%| E|CS|TAMS 0x0000000707400000| PB 0x0000000707400000| Complete 
|  34|0x0000000707600000, 0x0000000707800000, 0x0000000707800000|100%| E|CS|TAMS 0x0000000707600000| PB 0x0000000707600000| Complete 
|  35|0x0000000707800000, 0x0000000707a00000, 0x0000000707a00000|100%| E|CS|TAMS 0x0000000707800000| PB 0x0000000707800000| Complete 
|  36|0x0000000707a00000, 0x0000000707c00000, 0x0000000707c00000|100%| E|CS|TAMS 0x0000000707a00000| PB 0x0000000707a00000| Complete 
|  37|0x0000000707c00000, 0x0000000707e00000, 0x0000000707e00000|100%| E|CS|TAMS 0x0000000707c00000| PB 0x0000000707c00000| Complete 
| 117|0x0000000711c00000, 0x0000000711e00000, 0x0000000711e00000|100%| E|CS|TAMS 0x0000000711c00000| PB 0x0000000711c00000| Complete 
| 126|0x0000000712e00000, 0x0000000713000000, 0x0000000713000000|100%| E|CS|TAMS 0x0000000712e00000| PB 0x0000000712e00000| Complete 
|2022|0x00000007ffe00000, 0x0000000800000000, 0x0000000800000000|100%| O|  |TAMS 0x00000007ffe00000| PB 0x00000007ffe00000| Untracked 

Card table byte_map: [0x000001b91a860000,0x000001b91b050000] _byte_map_base: 0x000001b917047000

Marking Bits: (CMBitMap*) 0x000001b90e186630
 Bits: [0x000001b91b050000, 0x000001b91ef88000)

Polling page: 0x000001b90bc70000

Metaspace:

Usage:
  Non-class:     44.17 MB used.
      Class:      7.37 MB used.
       Both:     51.54 MB used.

Virtual space:
  Non-class space:       64.00 MB reserved,      44.56 MB ( 70%) committed,  1 nodes.
      Class space:        1.00 GB reserved,       7.75 MB ( <1%) committed,  1 nodes.
             Both:        1.06 GB reserved,      52.31 MB (  5%) committed. 

Chunk freelists:
   Non-Class:  2.79 MB
       Class:  8.30 MB
        Both:  11.10 MB

MaxMetaspaceSize: unlimited
CompressedClassSpaceSize: 1.00 GB
Initial GC threshold: 21.00 MB
Current GC threshold: 59.06 MB
CDS: on
 - commit_granule_bytes: 65536.
 - commit_granule_words: 8192.
 - virtual_space_node_default_size: 8388608.
 - enlarge_chunks_in_place: 1.
 - use_allocation_guard: 0.


Internal statistics:

num_allocs_failed_limit: 8.
num_arena_births: 1058.
num_arena_deaths: 0.
num_vsnodes_births: 2.
num_vsnodes_deaths: 0.
num_space_committed: 837.
num_space_uncommitted: 0.
num_chunks_returned_to_freelist: 8.
num_chunks_taken_from_freelist: 2879.
num_chunk_merges: 5.
num_chunk_splits: 1945.
num_chunks_enlarged: 1367.
num_inconsistent_stats: 0.

CodeCache: size=49152Kb used=12926Kb max_used=15641Kb free=36225Kb
 bounds [0x000001b9167f0000, 0x000001b917740000, 0x000001b9197f0000]
 total_blobs=6849, nmethods=6206, adapters=564, full_count=0
Compilation: enabled, stopped_count=0, restarted_count=0

Compilation events (20 events):
Event: 10.248 Thread 0x000001b922696700 nmethod 6219 0x000001b91714a690 code [0x000001b91714a840, 0x000001b91714aa08]
Event: 10.248 Thread 0x000001b922696700 6220   !   1       java.io.ObjectOutputStream::writeOrdinaryObject (196 bytes)
Event: 10.248 Thread 0x000001b9223cc330 6222   !   1       java.io.ObjectOutputStream::writeSerialData (223 bytes)
Event: 10.248 Thread 0x000001b9223c9c70 6221       1       java.io.ObjectStreamClass::checkSerialize (20 bytes)
Event: 10.248 Thread 0x000001b9223c9c70 nmethod 6221 0x000001b91714a190 code [0x000001b91714a360, 0x000001b91714a568]
Event: 10.248 Thread 0x000001b922696700 nmethod 6220 0x000001b917149110 code [0x000001b9171493a0, 0x000001b917149a98]
Event: 10.249 Thread 0x000001b9223cc330 nmethod 6222 0x000001b917148010 code [0x000001b917148240, 0x000001b917148b80]
Event: 11.281 Thread 0x000001b9223cc330 6223       1       java.io.ObjectInputStream::readClassDesc (121 bytes)
Event: 11.282 Thread 0x000001b9223cc330 nmethod 6223 0x000001b917146d90 code [0x000001b917147060, 0x000001b917147af8]
Event: 11.282 Thread 0x000001b9223cc330 6224       1       java.io.BufferedOutputStream::flushBuffer (29 bytes)
Event: 11.282 Thread 0x000001b9223cc330 nmethod 6224 0x000001b917146a10 code [0x000001b917146bc0, 0x000001b917146ce0]
Event: 12.310 Thread 0x000001b9222cf880 6225   !   1       java.io.BufferedOutputStream::flush (60 bytes)
Event: 12.310 Thread 0x000001b9223c9c70 6226       1       java.io.BufferedOutputStream::implFlush (12 bytes)
Event: 12.310 Thread 0x000001b9223cc330 6227       1       java.io.BufferedInputStream::fill (204 bytes)
Event: 12.310 Thread 0x000001b9223c9c70 nmethod 6226 0x000001b917146610 code [0x000001b9171467c0, 0x000001b917146918]
Event: 12.311 Thread 0x000001b9223cc330 nmethod 6227 0x000001b917145b90 code [0x000001b917145da0, 0x000001b9171463c0]
Event: 12.311 Thread 0x000001b9222cf880 nmethod 6225 0x000001b917144f90 code [0x000001b9171451e0, 0x000001b917145798]
Event: 12.311 Thread 0x000001b9223cc330 6228       1       javax.management.ObjectName::construct (1135 bytes)
Event: 12.311 Thread 0x000001b9223c9c70 6229   !   1       java.io.ObjectInputStream$BlockDataInputStream::refill (136 bytes)
Event: 12.311 Thread 0x000001b9222cf880 6230   !   1       java.io.ObjectInputStream$BlockDataInputStream::readBlockHeader (249 bytes)

GC Heap History (18 events):
Event: 0.455 GC heap before
{Heap before GC invocations=0 (full 0):
 garbage-first heap   total 260096K, used 22528K [0x0000000703200000, 0x0000000800000000)
  region size 2048K, 11 young (22528K), 0 survivors (0K)
 Metaspace       used 6436K, committed 6592K, reserved 1114112K
  class space    used 765K, committed 832K, reserved 1048576K
}
Event: 0.460 GC heap after
{Heap after GC invocations=1 (full 0):
 garbage-first heap   total 260096K, used 6908K [0x0000000703200000, 0x0000000800000000)
  region size 2048K, 2 young (4096K), 2 survivors (4096K)
 Metaspace       used 6436K, committed 6592K, reserved 1114112K
  class space    used 765K, committed 832K, reserved 1048576K
}
Event: 0.737 GC heap before
{Heap before GC invocations=1 (full 0):
 garbage-first heap   total 260096K, used 23292K [0x0000000703200000, 0x0000000800000000)
  region size 2048K, 11 young (22528K), 2 survivors (4096K)
 Metaspace       used 10711K, committed 11008K, reserved 1114112K
  class space    used 1411K, committed 1536K, reserved 1048576K
}
Event: 0.741 GC heap after
{Heap after GC invocations=2 (full 0):
 garbage-first heap   total 260096K, used 8557K [0x0000000703200000, 0x0000000800000000)
  region size 2048K, 1 young (2048K), 1 survivors (2048K)
 Metaspace       used 10711K, committed 11008K, reserved 1114112K
  class space    used 1411K, committed 1536K, reserved 1048576K
}
Event: 0.973 GC heap before
{Heap before GC invocations=3 (full 0):
 garbage-first heap   total 34816K, used 33133K [0x0000000703200000, 0x0000000800000000)
  region size 2048K, 13 young (26624K), 1 survivors (2048K)
 Metaspace       used 15580K, committed 16000K, reserved 1114112K
  class space    used 2254K, committed 2432K, reserved 1048576K
}
Event: 0.975 GC heap after
{Heap after GC invocations=4 (full 0):
 garbage-first heap   total 38912K, used 10375K [0x0000000703200000, 0x0000000800000000)
  region size 2048K, 2 young (4096K), 2 survivors (4096K)
 Metaspace       used 15580K, committed 16000K, reserved 1114112K
  class space    used 2254K, committed 2432K, reserved 1048576K
}
Event: 1.066 GC heap before
{Heap before GC invocations=4 (full 0):
 garbage-first heap   total 38912K, used 24711K [0x0000000703200000, 0x0000000800000000)
  region size 2048K, 9 young (18432K), 2 survivors (4096K)
 Metaspace       used 18559K, committed 19008K, reserved 1114112K
  class space    used 2607K, committed 2816K, reserved 1048576K
}
Event: 1.069 GC heap after
{Heap after GC invocations=5 (full 0):
 garbage-first heap   total 38912K, used 10916K [0x0000000703200000, 0x0000000800000000)
  region size 2048K, 2 young (4096K), 2 survivors (4096K)
 Metaspace       used 18559K, committed 19008K, reserved 1114112K
  class space    used 2607K, committed 2816K, reserved 1048576K
}
Event: 1.162 GC heap before
{Heap before GC invocations=5 (full 0):
 garbage-first heap   total 38912K, used 25252K [0x0000000703200000, 0x0000000800000000)
  region size 2048K, 10 young (20480K), 2 survivors (4096K)
 Metaspace       used 21103K, committed 21504K, reserved 1114112K
  class space    used 2873K, committed 3072K, reserved 1048576K
}
Event: 1.164 GC heap after
{Heap after GC invocations=6 (full 0):
 garbage-first heap   total 38912K, used 12845K [0x0000000703200000, 0x0000000800000000)
  region size 2048K, 2 young (4096K), 2 survivors (4096K)
 Metaspace       used 21103K, committed 21504K, reserved 1114112K
  class space    used 2873K, committed 3072K, reserved 1048576K
}
Event: 1.254 GC heap before
{Heap before GC invocations=7 (full 0):
 garbage-first heap   total 38912K, used 27181K [0x0000000703200000, 0x0000000800000000)
  region size 2048K, 9 young (18432K), 2 survivors (4096K)
 Metaspace       used 23456K, committed 23936K, reserved 1114112K
  class space    used 3248K, committed 3456K, reserved 1048576K
}
Event: 1.256 GC heap after
{Heap after GC invocations=8 (full 0):
 garbage-first heap   total 149504K, used 14096K [0x0000000703200000, 0x0000000800000000)
  region size 2048K, 1 young (2048K), 1 survivors (2048K)
 Metaspace       used 23456K, committed 23936K, reserved 1114112K
  class space    used 3248K, committed 3456K, reserved 1048576K
}
Event: 2.145 GC heap before
{Heap before GC invocations=8 (full 0):
 garbage-first heap   total 149504K, used 89872K [0x0000000703200000, 0x0000000800000000)
  region size 2048K, 39 young (79872K), 1 survivors (2048K)
 Metaspace       used 35612K, committed 36160K, reserved 1114112K
  class space    used 5073K, committed 5312K, reserved 1048576K
}
Event: 2.149 GC heap after
{Heap after GC invocations=9 (full 0):
 garbage-first heap   total 149504K, used 20480K [0x0000000703200000, 0x0000000800000000)
  region size 2048K, 4 young (8192K), 4 survivors (8192K)
 Metaspace       used 35612K, committed 36160K, reserved 1114112K
  class space    used 5073K, committed 5312K, reserved 1048576K
}
Event: 2.568 GC heap before
{Heap before GC invocations=10 (full 0):
 garbage-first heap   total 69632K, used 69632K [0x0000000703200000, 0x0000000800000000)
  region size 2048K, 28 young (57344K), 4 survivors (8192K)
 Metaspace       used 45404K, committed 46080K, reserved 1114112K
  class space    used 6451K, committed 6720K, reserved 1048576K
}
Event: 2.573 GC heap after
{Heap after GC invocations=11 (full 0):
 garbage-first heap   total 83968K, used 25548K [0x0000000703200000, 0x0000000800000000)
  region size 2048K, 6 young (12288K), 6 survivors (12288K)
 Metaspace       used 45404K, committed 46080K, reserved 1114112K
  class space    used 6451K, committed 6720K, reserved 1048576K
}
Event: 2.822 GC heap before
{Heap before GC invocations=11 (full 0):
 garbage-first heap   total 83968K, used 60364K [0x0000000703200000, 0x0000000800000000)
  region size 2048K, 24 young (49152K), 6 survivors (12288K)
 Metaspace       used 48561K, committed 49280K, reserved 1114112K
  class space    used 6911K, committed 7232K, reserved 1048576K
}
Event: 2.827 GC heap after
{Heap after GC invocations=12 (full 0):
 garbage-first heap   total 83968K, used 28299K [0x0000000703200000, 0x0000000800000000)
  region size 2048K, 2 young (4096K), 2 survivors (4096K)
 Metaspace       used 48561K, committed 49280K, reserved 1114112K
  class space    used 6911K, committed 7232K, reserved 1048576K
}

Dll operation events (12 events):
Event: 0.010 Loaded shared library C:\Users\ADMIN\.jdks\temurin-21.0.10\bin\java.dll
Event: 0.071 Loaded shared library C:\Users\ADMIN\.jdks\temurin-21.0.10\bin\zip.dll
Event: 0.074 Loaded shared library C:\Users\ADMIN\.jdks\temurin-21.0.10\bin\instrument.dll
Event: 0.077 Loaded shared library C:\Users\ADMIN\.jdks\temurin-21.0.10\bin\net.dll
Event: 0.079 Loaded shared library C:\Users\ADMIN\.jdks\temurin-21.0.10\bin\nio.dll
Event: 0.081 Loaded shared library C:\Users\ADMIN\.jdks\temurin-21.0.10\bin\zip.dll
Event: 0.189 Loaded shared library C:\Users\ADMIN\.jdks\temurin-21.0.10\bin\jimage.dll
Event: 0.200 Loaded shared library C:\Program Files\JetBrains\IntelliJ IDEA 2024.2.3\bin\breakgen64.dll
Event: 0.210 Loaded shared library C:\Users\ADMIN\.jdks\temurin-21.0.10\bin\extnet.dll
Event: 0.217 Loaded shared library C:\Users\ADMIN\.jdks\temurin-21.0.10\bin\management.dll
Event: 0.230 Loaded shared library C:\Users\ADMIN\.jdks\temurin-21.0.10\bin\management_ext.dll
Event: 1.252 Loaded shared library C:\Users\ADMIN\.jdks\temurin-21.0.10\bin\sunmscapi.dll

Deoptimization events (0 events):
No events

Classes loaded (20 events):
Event: 3.203 Loading class java/nio/channels/CancelledKeyException
Event: 3.203 Loading class java/nio/channels/CancelledKeyException done
Event: 3.206 Loading class java/util/TreeMap$ValueSpliterator
Event: 3.207 Loading class java/util/TreeMap$TreeMapSpliterator
Event: 3.207 Loading class java/util/TreeMap$TreeMapSpliterator done
Event: 3.207 Loading class java/util/TreeMap$ValueSpliterator done
Event: 3.214 Loading class java/util/IdentityHashMap$KeySpliterator
Event: 3.214 Loading class java/util/IdentityHashMap$IdentityHashMapSpliterator
Event: 3.214 Loading class java/util/IdentityHashMap$IdentityHashMapSpliterator done
Event: 3.214 Loading class java/util/IdentityHashMap$KeySpliterator done
Event: 3.688 Loading class javax/management/remote/rmi/RMIConnectionImpl$6
Event: 3.688 Loading class javax/management/remote/rmi/RMIConnectionImpl$6 done
Event: 3.688 Loading class javax/management/remote/rmi/RMIConnectionImpl$7
Event: 3.688 Loading class javax/management/remote/rmi/RMIConnectionImpl$7 done
Event: 3.688 Loading class com/sun/jmx/remote/util/OrderClassLoaders
Event: 3.688 Loading class com/sun/jmx/remote/util/OrderClassLoaders done
Event: 3.688 Loading class javax/management/remote/rmi/RMIConnectionImpl$SetCcl
Event: 3.688 Loading class javax/management/remote/rmi/RMIConnectionImpl$SetCcl done
Event: 3.688 Loading class java/rmi/MarshalledObject$MarshalledObjectInputStream
Event: 3.688 Loading class java/rmi/MarshalledObject$MarshalledObjectInputStream done

Classes unloaded (0 events):
No events

Classes redefined (0 events):
No events

Internal exceptions (20 events):
Event: 2.434 Thread 0x000001b96998aa90 Exception <a 'java/lang/NoSuchMethodError'{0x0000000705c38bf0}: 'java.lang.Object java.lang.invoke.DirectMethodHandle$Holder.invokeInterface(java.lang.Object, java.lang.Object, long)'> (0x0000000705c38bf0) 
thrown [s\src\hotspot\share\interpreter\linkResolver.cpp, line 773]
Event: 2.451 Thread 0x000001b90bccfdd0 Exception <a 'java/lang/NoSuchMethodError'{0x0000000704af1ea8}: 'long java.lang.invoke.DirectMethodHandle$Holder.invokeVirtual(java.lang.Object, java.lang.Object, java.lang.Object, java.lang.Object, java.lang.Object, java.lang.Object)'> (0x0000000704af1ea8) 
thrown [s\src\hotspot\share\interpreter\linkResolver.cpp, line 773]
Event: 2.507 Thread 0x000001b90bccfdd0 Exception <a 'java/lang/IncompatibleClassChangeError'{0x0000000704493850}: Found class java.lang.Object, but interface was expected> (0x0000000704493850) 
thrown [s\src\hotspot\share\interpreter\linkResolver.cpp, line 840]
Event: 2.552 Thread 0x000001b90bccfdd0 Exception <a 'java/lang/NoSuchMethodError'{0x0000000704054060}: 'java.lang.Object java.lang.invoke.DirectMethodHandle$Holder.invokeStatic(java.lang.Object, java.lang.Object, int, java.lang.Object)'> (0x0000000704054060) 
thrown [s\src\hotspot\share\interpreter\linkResolver.cpp, line 773]
Event: 2.552 Thread 0x000001b90bccfdd0 Exception <a 'java/lang/NoSuchMethodError'{0x000000070405a6f0}: 'java.lang.Object java.lang.invoke.DirectMethodHandle$Holder.newInvokeSpecial(java.lang.Object, java.lang.Object, int)'> (0x000000070405a6f0) 
thrown [s\src\hotspot\share\interpreter\linkResolver.cpp, line 773]
Event: 2.582 Thread 0x000001b90bccfdd0 Exception <a 'java/lang/NoSuchMethodError'{0x0000000712fede20}: 'int java.lang.invoke.DirectMethodHandle$Holder.invokeStaticInit(java.lang.Object, int, java.lang.Object, java.lang.Object, java.lang.Object, java.lang.Object)'> (0x0000000712fede20) 
thrown [s\src\hotspot\share\interpreter\linkResolver.cpp, line 773]
Event: 2.597 Thread 0x000001b90bccfdd0 Exception <a 'java/lang/IncompatibleClassChangeError'{0x0000000711d64018}: Found class java.lang.Object, but interface was expected> (0x0000000711d64018) 
thrown [s\src\hotspot\share\interpreter\linkResolver.cpp, line 840]
Event: 2.683 Thread 0x000001b90bccfdd0 Exception <a 'java/lang/NoSuchMethodError'{0x00000007067d9a60}: 'java.lang.Object java.lang.invoke.DirectMethodHandle$Holder.newInvokeSpecial(java.lang.Object, java.lang.Object, java.lang.Object, java.lang.Object, java.lang.Object, java.lang.Object, java.lang.Object, java.lang.Object)'> (0x00000007067d9a60) 
thrown [s\src\hotspot\share\interpreter\linkResolver.cpp, line 773]
Event: 2.728 Thread 0x000001b96998aa90 Exception <a 'java/lang/NoSuchMethodError'{0x0000000705d37aa0}: 'void java.lang.invoke.DirectMethodHandle$Holder.invokeStatic(java.lang.Object, long)'> (0x0000000705d37aa0) 
thrown [s\src\hotspot\share\interpreter\linkResolver.cpp, line 773]
Event: 2.728 Thread 0x000001b96998d1f0 Exception <a 'java/lang/NoSuchMethodError'{0x0000000705ff4a58}: 'void java.lang.invoke.DirectMethodHandle$Holder.invokeStatic(java.lang.Object, long)'> (0x0000000705ff4a58) 
thrown [s\src\hotspot\share\interpreter\linkResolver.cpp, line 773]
Event: 2.728 Thread 0x000001b96998b7b0 Exception <a 'java/lang/NoSuchMethodError'{0x0000000705d29b58}: 'void java.lang.invoke.DirectMethodHandle$Holder.invokeStatic(java.lang.Object, long)'> (0x0000000705d29b58) 
thrown [s\src\hotspot\share\interpreter\linkResolver.cpp, line 773]
Event: 2.806 Thread 0x000001b96998b7b0 Exception <a 'java/lang/NoSuchMethodError'{0x00000007055c6de0}: 'void java.lang.invoke.DirectMethodHandle$Holder.invokeStatic(java.lang.Object, java.lang.Object, long)'> (0x00000007055c6de0) 
thrown [s\src\hotspot\share\interpreter\linkResolver.cpp, line 773]
Event: 2.806 Thread 0x000001b96998d1f0 Exception <a 'java/lang/NoSuchMethodError'{0x00000007055e1a30}: 'void java.lang.invoke.DirectMethodHandle$Holder.invokeStatic(java.lang.Object, java.lang.Object, long)'> (0x00000007055e1a30) 
thrown [s\src\hotspot\share\interpreter\linkResolver.cpp, line 773]
Event: 2.806 Thread 0x000001b96998aa90 Exception <a 'java/lang/NoSuchMethodError'{0x0000000705579110}: 'void java.lang.invoke.DirectMethodHandle$Holder.invokeStatic(java.lang.Object, java.lang.Object, long)'> (0x0000000705579110) 
thrown [s\src\hotspot\share\interpreter\linkResolver.cpp, line 773]
Event: 2.843 Thread 0x000001b90bccfdd0 Exception <a 'java/lang/IncompatibleClassChangeError'{0x0000000711c35648}: Found class java.lang.Object, but interface was expected> (0x0000000711c35648) 
thrown [s\src\hotspot\share\interpreter\linkResolver.cpp, line 840]
Event: 2.971 Thread 0x000001b90bccfdd0 Exception <a 'java/lang/NoSuchMethodError'{0x00000007070baa18}: 'java.lang.Object java.lang.invoke.DirectMethodHandle$Holder.invokeInterface(java.lang.Object, java.lang.Object, java.lang.Object, java.lang.Object)'> (0x00000007070baa18) 
thrown [s\src\hotspot\share\interpreter\linkResolver.cpp, line 773]
Event: 3.046 Thread 0x000001b90bccfdd0 Exception <a 'java/lang/NoSuchMethodError'{0x0000000706d8da38}: 'int java.lang.invoke.DirectMethodHandle$Holder.invokeStaticInit(java.lang.Object, java.lang.Object, java.lang.Object, java.lang.Object)'> (0x0000000706d8da38) 
thrown [s\src\hotspot\share\interpreter\linkResolver.cpp, line 773]
Event: 3.131 Thread 0x000001b90bccfdd0 Exception <a 'java/lang/NoSuchMethodError'{0x0000000706754df8}: 'int java.lang.invoke.DirectMethodHandle$Holder.invokeStatic(java.lang.Object, java.lang.Object, java.lang.Object, java.lang.Object, java.lang.Object)'> (0x0000000706754df8) 
thrown [s\src\hotspot\share\interpreter\linkResolver.cpp, line 773]
Event: 3.155 Thread 0x000001b90bccfdd0 Exception <a 'java/lang/NoSuchMethodError'{0x0000000706582960}: 'java.lang.Object java.lang.invoke.DirectMethodHandle$Holder.newInvokeSpecial(java.lang.Object, java.lang.Object, int, java.lang.Object, java.lang.Object)'> (0x0000000706582960) 
thrown [s\src\hotspot\share\interpreter\linkResolver.cpp, line 773]
Event: 3.687 Thread 0x000001b96a0cf8c0 Exception <a 'java/lang/NoSuchMethodError'{0x0000000705e09230}: 'java.lang.Object java.lang.invoke.DirectMethodHandle$Holder.invokeInterface(java.lang.Object, java.lang.Object, java.lang.Object, java.lang.Object, java.lang.Object, java.lang.Object, java.lang.Object)'> (0x0000000705e09230) 
thrown [s\src\hotspot\share\interpreter\linkResolver.cpp, line 773]

ZGC Phase Switch (0 events):
No events

VM Operations (20 events):
Event: 2.810 Executing non-safepoint VM operation: HandshakeAllThreads (Deoptimize)
Event: 2.810 Executing non-safepoint VM operation: HandshakeAllThreads (Deoptimize) done
Event: 2.822 Executing safepoint VM operation: G1CollectForAllocation (G1 Evacuation Pause)
Event: 2.827 Executing safepoint VM operation: G1CollectForAllocation (G1 Evacuation Pause) done
Event: 2.848 Executing non-safepoint VM operation: HandshakeAllThreads (Deoptimize)
Event: 2.848 Executing non-safepoint VM operation: HandshakeAllThreads (Deoptimize) done
Event: 2.860 Executing non-safepoint VM operation: HandshakeAllThreads (Deoptimize)
Event: 2.860 Executing non-safepoint VM operation: HandshakeAllThreads (Deoptimize) done
Event: 3.028 Executing non-safepoint VM operation: HandshakeAllThreads (Deoptimize)
Event: 3.028 Executing non-safepoint VM operation: HandshakeAllThreads (Deoptimize) done
Event: 4.037 Executing safepoint VM operation: Cleanup
Event: 4.037 Executing safepoint VM operation: Cleanup done
Event: 6.059 Executing safepoint VM operation: Cleanup
Event: 6.059 Executing safepoint VM operation: Cleanup done
Event: 10.088 Executing safepoint VM operation: Cleanup
Event: 10.088 Executing safepoint VM operation: Cleanup done
Event: 12.110 Executing safepoint VM operation: Cleanup
Event: 12.110 Executing safepoint VM operation: Cleanup done
Event: 13.123 Executing safepoint VM operation: Cleanup
Event: 13.123 Executing safepoint VM operation: Cleanup done

Memory protections (0 events):
No events

Nmethod flushes (20 events):
Event: 1.168 Thread 0x000001b92129e750 flushing  nmethod 0x000001b916dc7610
Event: 2.154 Thread 0x000001b92129e750 flushing  nmethod 0x000001b916d85010
Event: 2.154 Thread 0x000001b92129e750 flushing  nmethod 0x000001b916f50710
Event: 2.154 Thread 0x000001b92129e750 flushing  nmethod 0x000001b916f91310
Event: 2.154 Thread 0x000001b92129e750 flushing  nmethod 0x000001b916a66090
Event: 2.154 Thread 0x000001b92129e750 flushing  nmethod 0x000001b916d85f10
Event: 2.154 Thread 0x000001b92129e750 flushing  nmethod 0x000001b916f5b210
Event: 2.154 Thread 0x000001b92129e750 flushing  nmethod 0x000001b916a86490
Event: 2.154 Thread 0x000001b92129e750 flushing  nmethod 0x000001b916a87190
Event: 2.154 Thread 0x000001b92129e750 flushing  nmethod 0x000001b916d97410
Event: 2.154 Thread 0x000001b92129e750 flushing  nmethod 0x000001b916d97f10
Event: 2.154 Thread 0x000001b92129e750 flushing  nmethod 0x000001b916e19e10
Event: 2.154 Thread 0x000001b92129e750 flushing  nmethod 0x000001b916ec8e90
Event: 2.154 Thread 0x000001b92129e750 flushing  nmethod 0x000001b916d79210
Event: 2.154 Thread 0x000001b92129e750 flushing  nmethod 0x000001b916dac110
Event: 2.154 Thread 0x000001b92129e750 flushing  nmethod 0x000001b916ebde90
Event: 2.154 Thread 0x000001b92129e750 flushing  nmethod 0x000001b916d2f790
Event: 2.154 Thread 0x000001b92129e750 flushing  nmethod 0x000001b916e07c90
Event: 2.154 Thread 0x000001b92129e750 flushing  nmethod 0x000001b916e04810
Event: 2.154 Thread 0x000001b92129e750 flushing  nmethod 0x000001b916d6b890

Events (20 events):
Event: 3.202 Thread 0x000001b90bccfdd0 Thread added: 0x000001b96a0cf230
Event: 3.202 Thread 0x000001b90bccfdd0 Thread added: 0x000001b96a0ce510
Event: 3.202 Thread 0x000001b90bccfdd0 Thread added: 0x000001b96a0cc440
Event: 3.205 Thread 0x000001b90bccfdd0 Thread added: 0x000001b96a0cff50
Event: 3.206 Thread 0x000001b90bccfdd0 Thread added: 0x000001b96a0cd160
Event: 3.215 Thread 0x000001b90bccfdd0 Thread exited: 0x000001b90bccfdd0
Event: 3.215 Thread 0x000001b96a0cd7f0 Thread added: 0x000001b96a0cd7f0
Event: 3.675 Thread 0x000001b922ce9930 Thread added: 0x000001b96a0ceba0
Event: 3.680 Thread 0x000001b96a0ceba0 Thread exited: 0x000001b96a0ceba0
Event: 3.682 Thread 0x000001b922c59a50 Thread added: 0x000001b96a0cf8c0
Event: 3.683 Thread 0x000001b96a0cf8c0 Thread added: 0x000001b96a0ceba0
Event: 3.689 Thread 0x000001b96a0ceba0 Thread exited: 0x000001b96a0ceba0
Event: 3.691 Thread 0x000001b96a0cf8c0 Thread added: 0x000001b96a0cde80
Event: 3.697 Thread 0x000001b96a0cde80 Thread exited: 0x000001b96a0cde80
Event: 6.113 Thread 0x000001b968dd42f0 Thread exited: 0x000001b968dd42f0
Event: 6.113 Thread 0x000001b968dc8770 Thread exited: 0x000001b968dc8770
Event: 7.150 Thread 0x000001b922884570 Thread exited: 0x000001b922884570
Event: 7.150 Thread 0x000001b92287faa0 Thread exited: 0x000001b92287faa0
Event: 10.248 Thread 0x000001b92287d3e0 Thread exited: 0x000001b92287d3e0
Event: 11.281 Thread 0x000001b922696700 Thread exited: 0x000001b922696700


Dynamic libraries:
0x00007ff6c3900000 - 0x00007ff6c390e000 	C:\Users\ADMIN\.jdks\temurin-21.0.10\bin\java.exe
0x00007ff800ee0000 - 0x00007ff801147000 	C:\WINDOWS\SYSTEM32\ntdll.dll
0x00007fffff4e0000 - 0x00007fffff5a9000 	C:\WINDOWS\System32\KERNEL32.DLL
0x00007ffffd910000 - 0x00007ffffdd04000 	C:\WINDOWS\System32\KERNELBASE.dll
0x00007ffffdd10000 - 0x00007ffffde5b000 	C:\WINDOWS\System32\ucrtbase.dll
0x00007fffd98d0000 - 0x00007fffd98ee000 	C:\Users\ADMIN\.jdks\temurin-21.0.10\bin\VCRUNTIME140.dll
0x00007fffd9800000 - 0x00007fffd9818000 	C:\Users\ADMIN\.jdks\temurin-21.0.10\bin\jli.dll
0x00007fffffc00000 - 0x00007fffffdc5000 	C:\WINDOWS\System32\USER32.dll
0x00007ffffde60000 - 0x00007ffffde87000 	C:\WINDOWS\System32\win32u.dll
0x00007fffff100000 - 0x00007fffff12b000 	C:\WINDOWS\System32\GDI32.dll
0x00007fffdf280000 - 0x00007fffdf513000 	C:\WINDOWS\WinSxS\amd64_microsoft.windows.common-controls_6595b64144ccf1df_6.0.26100.8115_none_3e075c82e3354f9c\COMCTL32.dll
0x00007ffffe200000 - 0x00007ffffe32b000 	C:\WINDOWS\System32\gdi32full.dll
0x00007ff800600000 - 0x00007ff8006a9000 	C:\WINDOWS\System32\msvcrt.dll
0x00007ffffe150000 - 0x00007ffffe1f3000 	C:\WINDOWS\System32\msvcp_win.dll
0x00007fffff140000 - 0x00007fffff172000 	C:\WINDOWS\System32\IMM32.DLL
0x00000000727f0000 - 0x00000000727fc000 	C:\Program Files (x86)\360\Total Security\safemon\SafeWrapper.dll
0x00007fffff390000 - 0x00007fffff446000 	C:\WINDOWS\System32\ADVAPI32.dll
0x00007fffffb50000 - 0x00007fffffbf7000 	C:\WINDOWS\System32\sechost.dll
0x00007fffff180000 - 0x00007fffff298000 	C:\WINDOWS\System32\RPCRT4.dll
0x00007fff4b630000 - 0x00007fff4b6dc000 	C:\Program Files (x86)\360\Total Security\safemon\libzdtp64.dll
0x00007ff8006b0000 - 0x00007ff800e17000 	C:\WINDOWS\System32\SHELL32.dll
0x00007ffffd7a0000 - 0x00007ffffd90a000 	C:\WINDOWS\System32\wintypes.dll
0x00007ffffec60000 - 0x00007ffffefe2000 	C:\WINDOWS\System32\combase.dll
0x00007fffff320000 - 0x00007fffff386000 	C:\WINDOWS\System32\SHLWAPI.dll
0x00007ffffe3f0000 - 0x00007ffffec58000 	C:\WINDOWS\System32\Windows.Storage.dll
0x00007ffffd0c0000 - 0x00007ffffd0cb000 	C:\WINDOWS\SYSTEM32\VERSION.dll
0x00007fffd97f0000 - 0x00007fffd97fc000 	C:\Users\ADMIN\.jdks\temurin-21.0.10\bin\vcruntime140_1.dll
0x00007fffcdd50000 - 0x00007fffcdddd000 	C:\Users\ADMIN\.jdks\temurin-21.0.10\bin\msvcp140.dll
0x00007fff46240000 - 0x00007fff46fe1000 	C:\Users\ADMIN\.jdks\temurin-21.0.10\bin\server\jvm.dll
0x00007fffff870000 - 0x00007fffff8f0000 	C:\WINDOWS\System32\WS2_32.dll
0x00007ffffd600000 - 0x00007ffffd65e000 	C:\WINDOWS\SYSTEM32\POWRPROF.dll
0x00007ffff0bd0000 - 0x00007ffff0c06000 	C:\WINDOWS\SYSTEM32\WINMM.dll
0x00007ffffd5e0000 - 0x00007ffffd5f4000 	C:\WINDOWS\SYSTEM32\UMPDC.dll
0x00007ffffc490000 - 0x00007ffffc4ab000 	C:\WINDOWS\SYSTEM32\kernel.appcore.dll
0x00007fffd8c70000 - 0x00007fffd8c7a000 	C:\Users\ADMIN\.jdks\temurin-21.0.10\bin\jimage.dll
0x00007ffffae10000 - 0x00007ffffb052000 	C:\WINDOWS\SYSTEM32\DBGHELP.DLL
0x00007fffff790000 - 0x00007fffff868000 	C:\WINDOWS\System32\OLEAUT32.dll
0x00007fffdbdb0000 - 0x00007fffdbdeb000 	C:\WINDOWS\SYSTEM32\dbgcore.DLL
0x00007ffffe010000 - 0x00007ffffe0b5000 	C:\WINDOWS\System32\bcryptPrimitives.dll
0x00007fffce050000 - 0x00007fffce05f000 	C:\Users\ADMIN\.jdks\temurin-21.0.10\bin\instrument.dll
0x00007fffced20000 - 0x00007fffced40000 	C:\Users\ADMIN\.jdks\temurin-21.0.10\bin\java.dll
0x00007fffff900000 - 0x00007fffff9f8000 	C:\WINDOWS\System32\SHCORE.dll
0x00007ffffd6c0000 - 0x00007ffffd6e9000 	C:\WINDOWS\SYSTEM32\profapi.dll
0x00007fffce060000 - 0x00007fffce078000 	C:\Users\ADMIN\.jdks\temurin-21.0.10\bin\zip.dll
0x00007fffd7540000 - 0x00007fffd7550000 	C:\Users\ADMIN\.jdks\temurin-21.0.10\bin\net.dll
0x00007ffff1300000 - 0x00007ffff142d000 	C:\WINDOWS\SYSTEM32\WINHTTP.dll
0x00007ffffca30000 - 0x00007ffffca9c000 	C:\WINDOWS\system32\mswsock.dll
0x00007fffce190000 - 0x00007fffce1a6000 	C:\Users\ADMIN\.jdks\temurin-21.0.10\bin\nio.dll
0x00007fffc9e50000 - 0x00007fffc9e6a000 	C:\Program Files\JetBrains\IntelliJ IDEA 2024.2.3\bin\breakgen64.dll
0x00007ffffbef0000 - 0x00007ffffc022000 	C:\WINDOWS\SYSTEM32\DNSAPI.dll
0x00007ffffbe60000 - 0x00007ffffbe92000 	C:\WINDOWS\SYSTEM32\IPHLPAPI.DLL
0x00007ff800000000 - 0x00007ff80000a000 	C:\WINDOWS\System32\NSI.dll
0x00007fffce020000 - 0x00007fffce029000 	C:\Users\ADMIN\.jdks\temurin-21.0.10\bin\extnet.dll
0x00007ffff6320000 - 0x00007ffff632b000 	C:\Windows\System32\rasadhlp.dll
0x00007ffff0fc0000 - 0x00007ffff1046000 	C:\WINDOWS\System32\fwpuclnt.dll
0x00007fffcedf0000 - 0x00007fffcedfa000 	C:\Users\ADMIN\.jdks\temurin-21.0.10\bin\management.dll
0x00007fffce180000 - 0x00007fffce18c000 	C:\Users\ADMIN\.jdks\temurin-21.0.10\bin\management_ext.dll
0x00007ffffeff0000 - 0x00007ffffeff8000 	C:\WINDOWS\System32\PSAPI.DLL
0x00007ffffcd20000 - 0x00007ffffcd3b000 	C:\WINDOWS\SYSTEM32\CRYPTSP.dll
0x00007ffffc3f0000 - 0x00007ffffc429000 	C:\WINDOWS\system32\rsaenh.dll
0x00007ffffcae0000 - 0x00007ffffcb13000 	C:\WINDOWS\SYSTEM32\USERENV.dll
0x00007ffffd690000 - 0x00007ffffd6ba000 	C:\WINDOWS\SYSTEM32\bcrypt.dll
0x00007ffffcd10000 - 0x00007ffffcd1c000 	C:\WINDOWS\SYSTEM32\CRYPTBASE.dll
0x00007fffce930000 - 0x00007fffce948000 	C:\WINDOWS\system32\napinsp.dll
0x00007fffce820000 - 0x00007fffce833000 	C:\WINDOWS\System32\winrnr.dll
0x00007fffcec10000 - 0x00007fffcec32000 	C:\WINDOWS\system32\nlansp_c.dll
0x00007fffcebd0000 - 0x00007fffcebe6000 	C:\WINDOWS\system32\wshbth.dll
0x00007fffdc990000 - 0x00007fffdc9e6000 	C:\WINDOWS\SYSTEM32\pdh.dll
0x00007fffc9b80000 - 0x00007fffc9b92000 	C:\WINDOWS\System32\perfproc.dll
0x00007fffc9970000 - 0x00007fffc9981000 	C:\WINDOWS\System32\perfos.dll
0x00007ffff88f0000 - 0x00007ffff8902000 	C:\WINDOWS\SYSTEM32\pfclient.dll
0x00007fffce040000 - 0x00007fffce04e000 	C:\Users\ADMIN\.jdks\temurin-21.0.10\bin\sunmscapi.dll
0x00007ffffde90000 - 0x00007ffffe007000 	C:\WINDOWS\System32\CRYPT32.dll
0x00007ffffcf30000 - 0x00007ffffcf60000 	C:\WINDOWS\SYSTEM32\ncrypt.dll
0x00007ffffcee0000 - 0x00007ffffcf1f000 	C:\WINDOWS\SYSTEM32\NTASN1.dll
0x00007ffff12e0000 - 0x00007ffff12fd000 	C:\WINDOWS\SYSTEM32\dhcpcsvc6.DLL
0x00007ffff12b0000 - 0x00007ffff12d5000 	C:\WINDOWS\SYSTEM32\dhcpcsvc.DLL
0x00007fffcebc0000 - 0x00007fffcebc8000 	C:\WINDOWS\system32\wshunix.dll

JVMTI agents:
C:\Program Files\JetBrains\IntelliJ IDEA 2024.2.3\lib\idea_rt.jar path:C:\Users\ADMIN\.jdks\temurin-21.0.10\bin\instrument.dll, loaded, initialized, instrumentlib options:62805:C:\Program Files\JetBrains\IntelliJ IDEA 2024.2.3\bin

dbghelp: loaded successfully - version: 4.0.5 - missing functions: none
symbol engine: initialized successfully - sym options: 0x614 - pdb path: .;C:\Users\ADMIN\.jdks\temurin-21.0.10\bin;C:\WINDOWS\SYSTEM32;C:\WINDOWS\WinSxS\amd64_microsoft.windows.common-controls_6595b64144ccf1df_6.0.26100.8115_none_3e075c82e3354f9c;C:\Program Files (x86)\360\Total Security\safemon;C:\Users\ADMIN\.jdks\temurin-21.0.10\bin\server;C:\Program Files\JetBrains\IntelliJ IDEA 2024.2.3\bin

VM Arguments:
jvm_args: -XX:TieredStopAtLevel=1 -Dspring.output.ansi.enabled=always -Dcom.sun.management.jmxremote -Dspring.jmx.enabled=true -Dspring.liveBeansView.mbeanDomain -Dspring.application.admin.enabled=true -Dmanagement.endpoints.jmx.exposure.include=* -javaagent:C:\Program Files\JetBrains\IntelliJ IDEA 2024.2.3\lib\idea_rt.jar=62805:C:\Program Files\JetBrains\IntelliJ IDEA 2024.2.3\bin -Dfile.encoding=UTF-8 -Dsun.stdout.encoding=UTF-8 -Dsun.stderr.encoding=UTF-8 
java_command: com.iws.fashionshop.FashionshopApplication
java_class_path (initial): C:\fsshop\fashionshop\target\classes;C:\Users\ADMIN\.m2\repository\org\springframework\boot\spring-boot-starter-web\3.5.13\spring-boot-starter-web-3.5.13.jar;C:\Users\ADMIN\.m2\repository\org\springframework\boot\spring-boot-starter\3.5.13\spring-boot-starter-3.5.13.jar;C:\Users\ADMIN\.m2\repository\org\springframework\boot\spring-boot\3.5.13\spring-boot-3.5.13.jar;C:\Users\ADMIN\.m2\repository\org\springframework\boot\spring-boot-autoconfigure\3.5.13\spring-boot-autoconfigure-3.5.13.jar;C:\Users\ADMIN\.m2\repository\org\springframework\boot\spring-boot-starter-logging\3.5.13\spring-boot-starter-logging-3.5.13.jar;C:\Users\ADMIN\.m2\repository\ch\qos\logback\logback-classic\1.5.32\logback-classic-1.5.32.jar;C:\Users\ADMIN\.m2\repository\ch\qos\logback\logback-core\1.5.32\logback-core-1.5.32.jar;C:\Users\ADMIN\.m2\repository\org\apache\logging\log4j\log4j-to-slf4j\2.24.3\log4j-to-slf4j-2.24.3.jar;C:\Users\ADMIN\.m2\repository\org\apache\logging\log4j\log4j-api\2.24.3\log4j-api-2.24.3.jar;C:\Users\ADMIN\.m2\repository\org\slf4j\jul-to-slf4j\2.0.17\jul-to-slf4j-2.0.17.jar;C:\Users\ADMIN\.m2\repository\jakarta\annotation\jakarta.annotation-api\2.1.1\jakarta.annotation-api-2.1.1.jar;C:\Users\ADMIN\.m2\repository\org\yaml\snakeyaml\2.4\snakeyaml-2.4.jar;C:\Users\ADMIN\.m2\repository\org\springframework\boot\spring-boot-starter-json\3.5.13\spring-boot-starter-json-3.5.13.jar;C:\Users\ADMIN\.m2\repository\com\fasterxml\jackson\datatype\jackson-datatype-jdk8\2.21.2\jackson-datatype-jdk8-2.21.2.jar;C:\Users\ADMIN\.m2\repository\com\fasterxml\jackson\module\jackson-module-parameter-names\2.21.2\jackson-module-parameter-names-2.21.2.jar;C:\Users\ADMIN\.m2\repository\org\springframework\boot\spring-boot-starter-tomcat\3.5.13\spring-boot-starter-tomcat-3.5.13.jar;C:\Users\ADMIN\.m2\repository\org\apache\tomcat\embed\tomcat-embed-core\10.1.53\tomcat-embed-core-10.1.53.jar;C:\Users\ADMIN\.m2\repository\org\apache\tomcat\embed\tomcat-embed-websocket\10.1.53\tomcat-embed-websocket-10.1.53.jar;C:\Users\ADMIN\.m2\repository\org\springframework\spring-web\6.2.17\spring-web-6.2.17.jar;C:\Users\ADMIN\.m2\repository\io\micrometer\micrometer-observation\1.15.10\micrometer-observation-1.15.10.jar;C:\Users\ADMIN\.m2\repository\io\micrometer\micrometer-commons\1.15.10\micrometer-commons-1.15.10.jar;C:\Users\ADMIN\.m2\repository\org\springframework\spring-webmvc\6.2.17\spring-webmvc-6.2.17.jar;C:\Users\ADMIN\.m2\repository\org\springframework\spring-context\6.2.17\spring-context-6.2.17.jar;C:\Users\ADMIN\.m2\repository\org\springframework\spring-expression\6.2.17\spring-expression-6.2.17.jar;C:\Users\ADMIN\.m2\repository\org\springframework\boot\spring-boot-starter-webflux\3.5.13\spring-boot-starter-webflux-3.5.13.jar;C:\Users\ADMIN\.m2\repository\org\springframework\boot\spring-boot-starter-reactor-netty\3.5.13\spring-boot-starter-reactor-netty-3.5.13.jar;C:\Users\ADMIN\.m2\repository\io\projectreactor\netty\reactor-netty-http\1.2.16\reactor-netty-http-1.2.16.jar;C:\Users\ADMIN\.m2\repository\io\netty\netty-codec-http\4.1.132.Final\netty-codec-http-4.1.132.Final.jar;C:\Users\ADMIN\.m2\repository\io\netty\netty-common\4.1.132.Final\netty-common-4.1.132.Final.jar;C:\Users\ADMIN\.m2\repository\io\netty\netty-buffer\4.1.132.Final\netty-buffer-4.1.132.Final.jar;C:\Users\ADMIN\.m2\repository\io\netty\netty-transport\4.1.132.Final\netty-transport-4.1.132.Final.jar;C:\Users\ADMIN\.m2\repository\io\netty\netty-codec\4.1.132.Final\netty-codec-4.1.132.Final.jar;C:\Users\ADMIN\.m2\repository\io\netty\netty-handler\4.1.132.Final\netty-handler-4.1.132.Final.jar;C:\Users\ADMIN\.m2\repository\io\netty\netty-codec-http2\4.1.132.Final\netty-codec-http2-4.1.132.Final.jar;C:\Users\ADMIN\.m2\repository\io\netty\netty-resolver-dns\4.1.132.Final\netty-resolver-dns-4.1.132.Final.jar;C:\Users\ADMIN\.m2\repository\io\netty\netty-resolver\4.1.132.Final\netty-resolver-4.1.132.Final.jar;C:\Users\ADMIN\.m2\repository\io\netty\netty-codec-dns\4.1.132.Final\netty-codec-dns-4.1.132.Final.jar;C:\Users\ADMIN\.m2\repository\io\netty\netty-resolver-dns-native-macos\4.1.132.Final\netty-resolver-dns-native-macos-4.1.132.Final-osx-x86_64.jar;C:\Users\ADMIN\.m2\repository\io\netty\netty-resolver-dns-classes-macos\4.1.132.Final\netty-resolver-dns-classes-macos-4.1.132.Final.jar;C:\Users\ADMIN\.m2\repository\io\netty\netty-transport-native-epoll\4.1.132.Final\netty-transport-native-epoll-4.1.132.Final-linux-x86_64.jar;C:\Users\ADMIN\.m2\repository\io\netty\netty-transport-native-unix-common\4.1.132.Final\netty-transport-native-unix-common-4.1.132.Final.jar;C:\Users\ADMIN\.m2\repository\io\netty\netty-transport-classes-epoll\4.1.132.Final\netty-transport-classes-epoll-4.1.132.Final.jar;C:\Users\ADMIN\.m2\repository\io\projectreactor\netty\reactor-netty-core\1.2.16\reactor-netty-core-1.2.16.jar;C:\Users\ADMIN\.m2\repository\io\netty\netty-handler-proxy\4.1.132.Final\netty-handler-proxy-4.1.132.Final.jar;C:\Users\ADMIN\.m2\repository\io\netty\netty-codec-socks\4.1.132.Final\netty-codec-socks-4.1.132.Final.jar;C:\Users\ADMIN\.m2\repository\org\springframework\spring-webflux\6.2.17\spring-webflux-6.2.17.jar;C:\Users\ADMIN\.m2\repository\org\slf4j\slf4j-api\2.0.17\slf4j-api-2.0.17.jar;C:\Users\ADMIN\.m2\repository\org\springframework\spring-core\6.2.17\spring-core-6.2.17.jar;C:\Users\ADMIN\.m2\repository\org\springframework\spring-jcl\6.2.17\spring-jcl-6.2.17.jar;C:\Users\ADMIN\.m2\repository\io\projectreactor\reactor-core\3.7.17\reactor-core-3.7.17.jar;C:\Users\ADMIN\.m2\repository\org\reactivestreams\reactive-streams\1.0.4\reactive-streams-1.0.4.jar;C:\Users\ADMIN\.m2\repository\org\projectlombok\lombok\1.18.44\lombok-1.18.44.jar;C:\Users\ADMIN\.m2\repository\org\springframework\boot\spring-boot-starter-data-mongodb\3.5.13\spring-boot-starter-data-mongodb-3.5.13.jar;C:\Users\ADMIN\.m2\repository\org\mongodb\mongodb-driver-sync\5.5.2\mongodb-driver-sync-5.5.2.jar;C:\Users\ADMIN\.m2\repository\org\mongodb\bson\5.5.2\bson-5.5.2.jar;C:\Users\ADMIN\.m2\repository\org\mongodb\mongodb-driver-core\5.5.2\mongodb-driver-core-5.5.2.jar;C:\Users\ADMIN\.m2\repository\org\mongodb\bson-record-codec\5.5.2\bson-record-codec-5.5.2.jar;C:\Users\ADMIN\.m2\repository\org\springframework\data\spring-data-mongodb\4.5.10\spring-data-mongodb-4.5.10.jar;C:\Users\ADMIN\.m2\repository\org\springframework\spring-tx\6.2.17\spring-tx-6.2.17.jar;C:\Users\ADMIN\.m2\repository\org\springframework\data\spring-data-commons\3.5.10\spring-data-commons-3.5.10.jar;C:\Users\ADMIN\.m2\repository\org\springframework\boot\spring-boot-starter-validation\3.5.13\spring-boot-starter-validation-3.5.13.jar;C:\Users\ADMIN\.m2\repository\org\apache\tomcat\embed\tomcat-embed-el\10.1.53\tomcat-embed-el-10.1.53.jar;C:\Users\ADMIN\.m2\repository\org\hibernate\validator\hibernate-validator\8.0.3.Final\hibernate-validator-8.0.3.Final.jar;C:\Users\ADMIN\.m2\repository\jakarta\validation\jakarta.validation-api\3.0.2\jakarta.validation-api-3.0.2.jar;C:\Users\ADMIN\.m2\repository\org\jboss\logging\jboss-logging\3.6.3.Final\jboss-logging-3.6.3.Final.jar;C:\Users\ADMIN\.m2\repository\com\fasterxml\classmate\1.7.3\classmate-1.7.3.jar;C:\Users\ADMIN\.m2\repository\io\jsonwebtoken\jjwt\0.12.6\jjwt-0.12.6.jar;C:\Users\ADMIN\.m2\repository\org\springframework\boot\spring-boot-starter-security\3.5.13\spring-boot-starter-security-3.5.13.jar;C:\Users\ADMIN\.m2\repository\org\springframework\spring-aop\6.2.17\spring-aop-6.2.17.jar;C:\Users\ADMIN\.m2\repository\org\springframework\security\spring-security-config\6.5.9\spring-security-config-6.5.9.jar;C:\Users\ADMIN\.m2\repository\org\springframework\security\spring-security-core\6.5.9\spring-security-core-6.5.9.jar;C:\Users\ADMIN\.m2\repository\org\springframework\security\spring-security-crypto\6.5.9\spring-security-crypto-6.5.9.jar;C:\Users\ADMIN\.m2\repository\org\springframework\security\spring-security-web\6.5.9\spring-security-web-6.5.9.jar;C:\Users\ADMIN\.m2\repository\io\jsonwebtoken\jjwt-api\0.11.5\jjwt-api-0.11.5.jar;C:\Users\ADMIN\.m2\repository\io\jsonwebtoken\jjwt-impl\0.11.5\jjwt-impl-0.11.5.jar;C:\Users\ADMIN\.m2\repository\io\jsonwebtoken\jjwt-jackson\0.11.5\jjwt-jackson-0.11.5.jar;C:\Users\ADMIN\.m2\repository\com\fasterxml\jackson\core\jackson-databind\2.21.2\jackson-databind-2.21.2.jar;C:\Users\ADMIN\.m2\repository\com\cloudinary\cloudinary-http5\2.0.0\cloudinary-http5-2.0.0.jar;C:\Users\ADMIN\.m2\repository\com\cloudinary\cloudinary-core\2.0.0\cloudinary-core-2.0.0.jar;C:\Users\ADMIN\.m2\repository\org\apache\commons\commons-lang3\3.17.0\commons-lang3-3.17.0.jar;C:\Users\ADMIN\.m2\repository\org\apache\httpcomponents\client5\httpclient5\5.5.2\httpclient5-5.5.2.jar;C:\Users\ADMIN\.m2\repository\org\apache\httpcomponents\core5\httpcore5-h2\5.3.6\httpcore5-h2-5.3.6.jar;C:\Users\ADMIN\.m2\repository\org\apache\httpcomponents\core5\httpcore5\5.3.6\httpcore5-5.3.6.jar;C:\Users\ADMIN\.m2\repository\com\fasterxml\jackson\datatype\jackson-datatype-jsr310\2.21.2\jackson-datatype-jsr310-2.21.2.jar;C:\Users\ADMIN\.m2\repository\com\fasterxml\jackson\core\jackson-annotations\2.21\jackson-annotations-2.21.jar;C:\Users\ADMIN\.m2\repository\com\fasterxml\jackson\core\jackson-core\2.21.2\jackson-core-2.21.2.jar;C:\Users\ADMIN\.m2\repository\org\springframework\spring-beans\6.2.17\spring-beans-6.2.17.jar
Launcher Type: SUN_STANDARD

[Global flags]
     intx CICompilerCount                          = 12                                        {product} {ergonomic}
     uint ConcGCThreads                            = 4                                         {product} {ergonomic}
     uint G1ConcRefinementThreads                  = 15                                        {product} {ergonomic}
   size_t G1HeapRegionSize                         = 2097152                                   {product} {ergonomic}
    uintx GCDrainStackTargetSize                   = 64                                        {product} {ergonomic}
   size_t InitialHeapSize                          = 266338304                                 {product} {ergonomic}
     bool ManagementServer                         = true                                      {product} {command line}
   size_t MarkStackSize                            = 4194304                                   {product} {ergonomic}
   size_t MaxHeapSize                              = 4242538496                                {product} {ergonomic}
   size_t MaxNewSize                               = 2543845376                                {product} {ergonomic}
   size_t MinHeapDeltaBytes                        = 2097152                                   {product} {ergonomic}
   size_t MinHeapSize                              = 8388608                                   {product} {ergonomic}
    uintx NonNMethodCodeHeapSize                   = 4096                                   {pd product} {ergonomic}
    uintx NonProfiledCodeHeapSize                  = 0                                      {pd product} {ergonomic}
     bool ProfileInterpreter                       = false                                  {pd product} {command line}
    uintx ProfiledCodeHeapSize                     = 0                                      {pd product} {ergonomic}
   size_t SoftMaxHeapSize                          = 4242538496                             {manageable} {ergonomic}
     intx TieredStopAtLevel                        = 1                                         {product} {command line}
     bool UseCompressedOops                        = true                           {product lp64_product} {ergonomic}
     bool UseG1GC                                  = true                                      {product} {ergonomic}
     bool UseLargePagesIndividualAllocation        = false                                  {pd product} {ergonomic}

Logging:
Log output configuration:
 #0: stdout all=warning uptime,level,tags foldmultilines=false
 #1: stderr all=off uptime,level,tags foldmultilines=false

Release file:
IMPLEMENTOR="Eclipse Adoptium" 
IMPLEMENTOR_VERSION="Temurin-21.0.10+7" 
JAVA_RUNTIME_VERSION="21.0.10+7-LTS" 
JAVA_VERSION="21.0.10" 
JAVA_VERSION_DATE="2026-01-20" 
LIBC="default" 
MODULES="java.base java.compiler java.datatransfer java.xml java.prefs java.desktop java.instrument java.logging java.management java.security.sasl java.naming java.rmi java.management.rmi java.net.http java.scripting java.security.jgss java.transaction.xa java.sql java.sql.rowset java.xml.crypto java.se java.smartcardio jdk.accessibility jdk.internal.jvmstat jdk.attach jdk.charsets jdk.internal.opt jdk.zipfs jdk.compiler jdk.crypto.ec jdk.crypto.cryptoki jdk.crypto.mscapi jdk.dynalink jdk.internal.ed jdk.editpad jdk.hotspot.agent jdk.httpserver jdk.incubator.vector jdk.internal.le jdk.internal.vm.ci jdk.internal.vm.compiler jdk.internal.vm.compiler.management jdk.jartool jdk.javadoc jdk.jcmd jdk.management jdk.management.agent jdk.jconsole jdk.jdeps jdk.jdwp.agent jdk.jdi jdk.jfr jdk.jlink jdk.jpackage jdk.jshell jdk.jsobject jdk.jstatd jdk.localedata jdk.management.jfr jdk.naming.dns jdk.naming.rmi jdk.net jdk.nio.mapmode jdk.random jdk.sctp jdk.security.auth jdk.security.jgss jdk.unsupported jdk.unsupported.desktop jdk.xml.dom" 
OS_ARCH="x86_64" 
OS_NAME="Windows" 
SOURCE=".:git:a633eafe0fcc" 
BUILD_SOURCE="git:458965074606f027bd5afce2cfd5c1055dea0438"
BUILD_SOURCE_REPO="https://github.com/adoptium/temurin-build.git"
SOURCE_REPO="https://github.com/adoptium/jdk21u.git"
FULL_VERSION="21.0.10+7-LTS"
SEMANTIC_VERSION="21.0.10+7"
BUILD_INFO="OS: Windows Server 2022 Version: 10.0"
JVM_VARIANT="Hotspot"
JVM_VERSION="21.0.10+7-LTS"
IMAGE_TYPE="JDK"

Environment Variables:
JAVA_HOME=C:\Program Files\Eclipse Adoptium\jdk-21.0.3.9-hotspot\
PATH=C:\Python313\Scripts\;C:\Python313\;C:\Program Files\Common Files\Oracle\Java\javapath;C:\Program Files (x86)\Common Files\Oracle\Java\java8path;C:\Program Files (x86)\Common Files\Oracle\Java\javapath;C:\Program Files\Eclipse Adoptium\jdk-21.0.3.9-hotspot\bin;C:\Windows\system32;C:\Windows;C:\Windows\System32\Wbem;C:\Windows\System32\WindowsPowerShell\v1.0\;C:\Windows\System32\OpenSSH\;C:\Program Files (x86)\NVIDIA Corporation\PhysX\Common;C:\WINDOWS\system32;C:\WINDOWS;C:\WINDOWS\System32\Wbem;C:\WINDOWS\System32\WindowsPowerShell\v1.0\;C:\WINDOWS\System32\OpenSSH\;C:\Program Files\Cloudflare\Cloudflare WARP\;C:\ProgramData\chocolatey\bin;C:\Program Files\nodejs\;C:\Program Files\NVIDIA Corporation\NVIDIA App\NvDLISR;C:\Program Files\Git\cmd;C:\Users\ADMIN\AppData\Local\Microsoft\WindowsApps;D:\PCO\Microsoft VS Code\bin;C:\Program Files\JetBrains\IntelliJ IDEA 2024.2.3\bin;;C:\Users\ADMIN\AppData\Roaming\npm
USERNAME=ADMIN
OS=Windows_NT
PROCESSOR_IDENTIFIER=Intel64 Family 6 Model 154 Stepping 3, GenuineIntel
TMP=C:\Users\ADMIN\AppData\Local\Temp
TEMP=C:\Users\ADMIN\AppData\Local\Temp




Periodic native trim disabled

---------------  S Y S T E M  ---------------

OS:
 Windows 11 , 64 bit Build 26100 (10.0.26100.8246)
OS uptime: 0 days 10:43 hours
Hyper-V role detected

CPU: total 20 (initial active 20) (10 cores per cpu, 2 threads per core) family 6 model 154 stepping 3 microcode 0x432, cx8, cmov, fxsr, ht, mmx, 3dnowpref, sse, sse2, sse3, ssse3, sse4.1, sse4.2, popcnt, lzcnt, tsc, tscinvbit, avx, avx2, aes, erms, clmul, bmi1, bmi2, adx, sha, fma, vzeroupper, clflush, clflushopt, clwb, hv, serialize, rdtscp, rdpid, fsrm, f16c, cet_ibt, cet_ss
Processor Information for processor 0
  Max Mhz: 2300, Current Mhz: 2300, Mhz Limit: 2300
Processor Information for processor 1
  Max Mhz: 2300, Current Mhz: 2300, Mhz Limit: 2300
Processor Information for processor 2
  Max Mhz: 2300, Current Mhz: 2300, Mhz Limit: 2300
Processor Information for processor 3
  Max Mhz: 2300, Current Mhz: 2300, Mhz Limit: 2300
Processor Information for processor 4
  Max Mhz: 2300, Current Mhz: 2300, Mhz Limit: 2300
Processor Information for processor 5
  Max Mhz: 2300, Current Mhz: 2300, Mhz Limit: 2300
Processor Information for processor 6
  Max Mhz: 2300, Current Mhz: 2300, Mhz Limit: 2300
Processor Information for processor 7
  Max Mhz: 2300, Current Mhz: 2300, Mhz Limit: 2300
Processor Information for processor 8
  Max Mhz: 2300, Current Mhz: 2300, Mhz Limit: 2300
Processor Information for processor 9
  Max Mhz: 2300, Current Mhz: 2300, Mhz Limit: 2300
Processor Information for processor 10
  Max Mhz: 2300, Current Mhz: 2300, Mhz Limit: 2300
Processor Information for processor 11
  Max Mhz: 2300, Current Mhz: 2300, Mhz Limit: 2300
Processor Information for processor 12
  Max Mhz: 2300, Current Mhz: 1700, Mhz Limit: 1679
Processor Information for processor 13
  Max Mhz: 2300, Current Mhz: 1700, Mhz Limit: 1679
Processor Information for processor 14
  Max Mhz: 2300, Current Mhz: 1700, Mhz Limit: 1679
Processor Information for processor 15
  Max Mhz: 2300, Current Mhz: 1700, Mhz Limit: 1679
Processor Information for processor 16
  Max Mhz: 2300, Current Mhz: 1700, Mhz Limit: 1679
Processor Information for processor 17
  Max Mhz: 2300, Current Mhz: 1700, Mhz Limit: 1679
Processor Information for processor 18
  Max Mhz: 2300, Current Mhz: 1700, Mhz Limit: 1679
Processor Information for processor 19
  Max Mhz: 2300, Current Mhz: 1700, Mhz Limit: 1679

Memory: 4k page, system-wide physical 16176M (4007M free)
TotalPageFile size 20272M (AvailPageFile size 4M)
current process WorkingSet (physical memory assigned to process): 229M, peak: 237M
current process commit charge ("private bytes"): 284M, peak: 380M

vm_info: OpenJDK 64-Bit Server VM (21.0.10+7-LTS) for windows-amd64 JRE (21.0.10+7-LTS), built on 2026-01-20T00:00:00Z by "admin" with MS VC++ 17.12 (VS2022)

END.
